

<!-- Copyright (C) Microsoft Corporation. All rights reserved. -->
<!DOCTYPE html>
<html dir="ltr" class="" lang="en">
<head>
    <title>Sign in to your account</title>
    <meta http-equiv="Content-Type" content="text/html; charset=UTF-8">
    <meta http-equiv="X-UA-Compatible" content="IE=edge">
    <meta name="viewport" content="width=device-width, initial-scale=1.0, maximum-scale=2.0, user-scalable=yes">
    <meta http-equiv="Pragma" content="no-cache">
    <meta http-equiv="Expires" content="-1">
    <link rel="preconnect" href="https://aadcdn.msauth.net" crossorigin>
<meta http-equiv="x-dns-prefetch-control" content="on">
<link rel="dns-prefetch" href="//aadcdn.msauth.net">
<link rel="dns-prefetch" href="//aadcdn.msftauth.net">

    <meta name="PageID" content="ConvergedError" />
    <meta name="SiteID" content="" />
    <meta name="ReqLC" content="1033" />
    <meta name="LocLC" content="en-US" />

        <meta name="referrer" content="origin" />

        <meta name="format-detection" content="telephone=no" />

    <noscript>
        <meta http-equiv="Refresh" content="0; URL=" />
    </noscript>

    
    
<meta name="robots" content="none" />

<script type="text/javascript">//<![CDATA[
$Config={"iErrorDesc":0,"iErrorTitle":0,"strMainMessage":"We received a bad request.","strAdditionalMessage":"","strServiceExceptionMessage":"AADSTS900561: The endpoint only accepts POST, OPTIONS requests. Received a GET request.","strTraceId":"b392d63b-540d-448e-9fb3-ec674f443200","iErrorCode":900561,"iHttpErrorCode":400,"iViewId":1,"urlCancel":"","strTimestamp":"2022-02-25T06:36:39Z","urlLearnMoreRiskyApp":"https://go.microsoft.com/fwlink/?linkid=2133457","iMaxStackForKnockoutAsyncComponents":10000,"fShowButtons":true,"urlCdn":"https://aadcdn.msauth.net/shared/1.0/","urlFooterTOU":"https://www.microsoft.com/en-US/servicesagreement/","urlFooterPrivacy":"https://privacy.microsoft.com/en-US/privacystatement","iPawnIcon":0,"sPOST_Username":"","sFTName":"flowToken","dynamicTenantBranding":null,"staticTenantBranding":null,"oAppCobranding":{},"iBackgroundImage":2,"fApplicationInsightsEnabled":false,"iApplicationInsightsEnabledPercentage":0,"urlSetDebugMode":"https://login.microsoftonline.com/common/debugmode","fEnableCssAnimation":true,"fAllowGrayOutLightBox":true,"fIsRemoteNGCSupported":true,"fUseSameSite":true,"uiflavor":1001,"fOfflineAccountVisible":false,"scriptNonce":"","fEnableUserStateFix":true,"fShowAccessPassPeek":true,"fUpdateSessionPollingLogic":true,"scid":1013,"hpgact":1801,"hpgid":1117,"pgid":"ConvergedError","apiCanary":"AQABAAAAAAD--DLA3VO7QrddgJg7Wevr-UPah6TsrRbDOiToET9JgONiTEN3S0__7UlTBQuACdCnhdCa6VBDd9CfvK7ap5KG9FpDEPt2aXWowEfnK0SLE83cee8fjWziVymrSqaSvThytMVTF_GO1HxycZnhJSaUVQhZl08AjQfJKCdS739skkj6PysVaQCR307tDHxp9RalZ_YRfejmQ6PcaAZtw9OLoXdAQBgvbN0JRoR1Vv4zdCAA","canary":"FXI2apnWgURFVmCa+KE9QdzNP7DZNH6n4KDehuMcW/c=8:1","correlationId":"379487ae-ecd5-49a5-8848-46a9831ed3fe","sessionId":"b392d63b-540d-448e-9fb3-ec674f443200","locale":{"mkt":"en-US","lcid":1033},"slMaxRetry":2,"slReportFailure":true,"strings":{"desktopsso":{"authenticatingmessage":"Trying to sign you in"}},"enums":{"ClientMetricsModes":{"None":0,"SubmitOnPost":1,"SubmitOnRedirect":2,"InstrumentPlt":4}},"urls":{"instr":{"pageload":"https://login.microsoftonline.com/common/instrumentation/reportpageload","dssostatus":"https://login.microsoftonline.com/common/instrumentation/dssostatus"}},"browser":{"ltr":1,"_Other":1,"Full":1,"RE_Other":1,"b":{"name":"Other","major":-1,"minor":-1},"os":{"name":"Unknown","version":""},"V":-1},"watson":{"url":"/common/handlers/watson","bundle":"https://aadcdn.msauth.net/ests/2.1/content/cdnbundles/watson.min_ybdb1ixzkv-fkor2mu6q6w2.js","sbundle":"https://aadcdn.msauth.net/ests/2.1/content/cdnbundles/watsonsupportwithjquery.3.5.min_dc940oomzau4rsu8qesnvg2.js","fbundle":"https://aadcdn.msauth.net/ests/2.1/content/cdnbundles/frameworksupport.min_oadrnc13magb009k4d20lg2.js","resetErrorPeriod":5,"maxCorsErrors":-1,"maxInjectErrors":5,"maxErrors":10,"maxTotalErrors":3,"expSrcs":["https://login.microsoftonline.com","https://aadcdn.msauth.net/","https://aadcdn.msftauth.net/",".login.microsoftonline.com"],"envErrorRedirect":true,"envErrorUrl":"/common/handlers/enverror"},"loader":{"cdnRoots":["https://aadcdn.msauth.net/","https://aadcdn.msftauth.net/"],"logByThrowing":true},"serverDetails":{"slc":"ProdSlices","dc":"WUS2","ri":"MW1XXXX","ver":{"v":[2,1,12470,13]},"rt":"2022-02-25T06:36:39","et":1},"clientEvents":{"useOneDSEventApi":true,"flush":60000,"autoPost":true,"autoPostDelay":1000,"minEvents":1,"maxEvents":1,"pltDelay":500,"appInsightsConfig":{"instrumentationKey":"69adc3c768bd4dc08c19416121249fcc-66f1668a-797b-4249-95e3-6c6651768c28-7293","webAnalyticsConfiguration":{"autoCapture":{"jsError":true}}},"defaultEventName":"IDUX_ESTSClientTelemetryEvent_WebWatson","serviceID":3},"fApplyAsciiRegexOnInput":true,"fBreakBrandingSigninString":true,"fTrimChromeBssoUrl":true,"inlineMode":5};
//]]></script> 
<script type="text/javascript">//<![CDATA[
!function(){var e=window,r=e.$Debug=e.$Debug||{},t=e.$Config||{};if(!r.appendLog){var n=[],o=0;r.appendLog=function(e){var r=t.maxDebugLog||25,a=(new Date).toUTCString()+":"+e;n.push(o+":"+a),n.length>r&&n.shift(),o++},r.getLogs=function(){return n}}}(),function(){function e(e,r){function t(a){var i=e[a];if(a<n-1){return void(o.r[i]?t(a+1):o.when(i,function(){t(a+1)}))}r(i)}var n=e.length;t(0)}function r(e,r,a){function i(){var e=!!u.method,o=e?u.method:a[0],i=u.extraArgs||[],s=n.$WebWatson;try{
var c=t(a,!e);if(i&&i.length>0){for(var d=i.length,l=0;l<d;l++){c.push(i[l])}}o.apply(r,c)}catch(e){return void(s&&s.submitFromException&&s.submitFromException(e))}}var u=o.r&&o.r[e];return r=r||this,u&&(u.skipTimeout?i():n.setTimeout(i,0)),u}function t(e,r){return Array.prototype.slice.call(e,r?1:0)}var n=window;n.$Do||(n.$Do={"q":[],"r":[],"removeItems":[],"lock":0,"o":[]});var o=n.$Do;o.when=function(t,n){function a(e){r(e,i,u)||o.q.push({"id":e,"c":i,"a":u})}var i=0,u=[],s=1;"function"==typeof n||(i=n,
s=2);for(var c=s;c<arguments.length;c++){u.push(arguments[c])}t instanceof Array?e(t,a):a(t)},o.register=function(e,t,n){if(!o.r[e]){o.o.push(e);var a={};if(t&&(a.method=t),n&&(a.skipTimeout=n),arguments&&arguments.length>3){a.extraArgs=[];for(var i=3;i<arguments.length;i++){a.extraArgs.push(arguments[i])}}o.r[e]=a,o.lock++;try{for(var u=0;u<o.q.length;u++){var s=o.q[u];s.id==e&&r(e,s.c,s.a)&&o.removeItems.push(s)}}catch(e){throw e}finally{if(0===--o.lock){for(var c=0;c<o.removeItems.length;c++){
for(var d=o.removeItems[c],l=0;l<o.q.length;l++){if(o.q[l]===d){o.q.splice(l,1);break}}}o.removeItems=[]}}}},o.unregister=function(e){o.r[e]&&delete o.r[e]}}(),function(e,r){function t(){if(!i){if(!r.body){return void setTimeout(t)}i=!0,e.$Do.register("doc.ready",0,!0)}}function n(){if(!u){if(!r.body){return void setTimeout(n)}t(),u=!0,e.$Do.register("doc.load",0,!0),a()}}function o(e){(r.addEventListener||"load"===e.type||"complete"===r.readyState)&&t()}function a(){
r.addEventListener?(r.removeEventListener("DOMContentLoaded",o,!1),e.removeEventListener("load",n,!1)):r.attachEvent&&(r.detachEvent("onreadystatechange",o),e.detachEvent("onload",n))}var i=!1,u=!1;if("complete"===r.readyState){return void setTimeout(n)}!function(){r.addEventListener?(r.addEventListener("DOMContentLoaded",o,!1),e.addEventListener("load",n,!1)):r.attachEvent&&(r.attachEvent("onreadystatechange",o),e.attachEvent("onload",n))}()}(window,document),function(){function e(){
return f.$Config||f.ServerData||{}}function r(e,r){var t=f.$Debug;t&&t.appendLog&&(r&&(e+=" '"+(r.src||r.href||"")+"'",e+=", id:"+(r.id||""),e+=", async:"+(r.async||""),e+=", defer:"+(r.defer||"")),t.appendLog(e))}function t(){var e=f.$B;if(void 0===d){if(e){d=e.IE}else{var r=f.navigator.userAgent;d=-1!==r.indexOf("MSIE ")||-1!==r.indexOf("Trident/")}}return d}function n(){var e=f.$B;if(void 0===l){if(e){l=e.RE_Edge}else{var r=f.navigator.userAgent;l=-1!==r.indexOf("Edge")}}return l}function o(e){
var r=e.indexOf("?"),t=r>-1?r:e.length,n=e.lastIndexOf(".",t);return e.substring(n,n+v.length).toLowerCase()===v}function a(){var r=e();return(r.loader||{}).slReportFailure||r.slReportFailure||!1}function i(){return(e().loader||{}).redirectToErrorPageOnLoadFailure||!1}function u(){return(e().loader||{}).logByThrowing||!1}function s(e){if(!t()&&!n()){return!1}var r=e.src||e.href||"";if(!r){return!0}if(o(r)){var a,i,u;try{a=e.sheet,i=a&&a.cssRules,u=!1}catch(e){u=!0}if(a&&!i&&u){return!0}
if(a&&i&&0===i.length){return!0}}return!1}function c(){function t(e){g.getElementsByTagName("head")[0].appendChild(e)}function n(e,r,t,n){var s=null;return s=o(e)?a(e):"script"===n.toLowerCase()?i(e):u(e,n),r&&(s.id=r),"function"==typeof s.setAttribute&&(s.setAttribute("crossorigin","anonymous"),t&&"string"==typeof t&&s.setAttribute("integrity",t)),s}function a(e){var r=g.createElement("link");return r.rel="stylesheet",r.type="text/css",r.href=e,r}function i(e){var r=g.createElement("script")
;return r.type="text/javascript",r.src=e,r.defer=!1,r.async=!1,r}function u(e,r){var t=g.createElement(r);return t.src=e,t}function d(e){if(!(m&&m.length>1)){return e}for(var r=0;r<m.length;r++){if(0===e.indexOf(m[r])){return m[r+1<m.length?r+1:0]+e.substring(m[r].length)}}return e}function l(e,t,n,o){if(r("[$Loader]: "+(b.failMessage||"Failed"),o),$[e].retry<p){return $[e].retry++,v(e,t,n),void c._ReportFailure($[e].retry,$[e].srcPath)}n&&n()}function f(e,t,n,o){if(s(o)){return l(e,t,n,o)}
r("[$Loader]: "+(b.successMessage||"Loaded"),o),v(e+1,t,n);var a=$[e].onSuccess;"function"==typeof a&&a($[e].srcPath)}function v(e,o,a){if(e<$.length){var i=$[e];if(!i||!i.srcPath){return void v(e+1,o,a)}i.retry>0&&(i.srcPath=d(i.srcPath),i.origId||(i.origId=i.id),i.id=i.origId+"_Retry_"+i.retry);var u=n(i.srcPath,i.id,i.integrity,i.tagName);u.onload=function(){f(e,o,a,u)},u.onerror=function(){l(e,o,a,u)},u.onreadystatechange=function(){"loaded"===u.readyState?setTimeout(function(){f(e,o,a,u)
},500):"complete"===u.readyState&&f(e,o,a,u)},t(u),r("[$Loader]: Loading '"+(i.srcPath||"")+"', id:"+(i.id||""))}else{o&&o()}}var h=e(),p=h.slMaxRetry||2,y=h.loader||{},m=y.cdnRoots||[],b=this,$=[];b.retryOnError=!0,b.successMessage="Loaded",b.failMessage="Error",b.Add=function(e,r,t,n,o,a){e&&$.push({"srcPath":e,"id":r,"retry":n||0,"integrity":t,"tagName":o||"script","onSuccess":a})},b.AddForReload=function(e,r){var t=e.src||e.href||"";b.Add(t,"AddForReload",e.integrity,1,e.tagName,r)},
b.AddIf=function(e,r,t){e&&b.Add(r,t)},b.Load=function(e,r){v(0,e,r)}}var d,l,f=window,g=f.document,v=".css";c.On=function(e,r,t){if(!e){throw"The target element must be provided and cannot be null."}r?c.OnError(e,t):c.OnSuccess(e,t)},c.OnSuccess=function(e,t){if(!e){throw"The target element must be provided and cannot be null."}if(s(e)){return c.OnError(e,t)}var n=e.src||e.href||"",o=a(),u=i();r("[$Loader]: Loaded",e);var d=new c;d.failMessage="Reload Failed",d.successMessage="Reload Success",
d.Load(null,function(){if(o){throw"Unexpected state. ResourceLoader.Load() failed despite initial load success. ['"+n+"']"}u&&(document.location.href="/error.aspx?err=504")})},c.OnError=function(e,t){var n=e.src||e.href||"",o=a(),u=i();if(!e){throw"The target element must be provided and cannot be null."}r("[$Loader]: Failed",e);var s=new c;s.failMessage="Reload Failed",s.successMessage="Reload Success",s.AddForReload(e,t),s.Load(null,function(){if(o){throw"Failed to load external resource ['"+n+"']"}
u&&(document.location.href="/error.aspx?err=504")}),c._ReportFailure(0,n)},c._ReportFailure=function(e,r){if(u()&&!t()){throw"[Retry "+e+"] Failed to load external resource ['"+r+"'], reloading from fallback CDN endpoint"}},f.$Loader=c}(),function(){function e(){if(!$){var e=new h.$Loader;e.AddIf(!h.jQuery,y.sbundle,"WebWatson_DemandSupport"),y.sbundle=null,delete y.sbundle,e.AddIf(!h.$Api,y.fbundle,"WebWatson_DemandFramework"),y.fbundle=null,delete y.fbundle,e.Add(y.bundle,"WebWatson_DemandLoaded"),
e.Load(r,t),$=!0}}function r(){if(h.$WebWatson){if(h.$WebWatson.isProxy){return void t()}m.when("$WebWatson.full",function(){for(;b.length>0;){var e=b.shift();e&&h.$WebWatson[e.cmdName].apply(h.$WebWatson,e.args)}})}}function t(){if(!h.$WebWatson||h.$WebWatson.isProxy){if(!w&&JSON){try{var e=new XMLHttpRequest;e.open("POST",y.url),e.setRequestHeader("Accept","application/json"),e.setRequestHeader("Content-Type","application/json; charset=UTF-8"),e.setRequestHeader("canary",p.apiCanary),
e.setRequestHeader("client-request-id",p.correlationId),e.setRequestHeader("hpgid",p.hpgid||0),e.setRequestHeader("hpgact",p.hpgact||0);for(var r=-1,t=0;t<b.length;t++){if("submit"===b[t].cmdName){r=t;break}}var o=b[r]?b[r].args||[]:[],a={"sr":y.sr,"ec":"Failed to load external resource [Core Watson files]","wec":55,"idx":1,"pn":p.pgid||"","sc":p.scid||0,"hpg":p.hpgid||0,"msg":"Failed to load external resource [Core Watson files]","url":o[1]||"","ln":0,"ad":0,"an":!1,"cs":"","sd":p.serverDetails,"ls":null,
"diag":v(y)};e.send(JSON.stringify(a))}catch(e){}w=!0}y.loadErrorUrl&&window.location.assign(y.loadErrorUrl)}n()}function n(){b=[],h.$WebWatson=null}function o(r){return function(){var t=arguments;b.push({"cmdName":r,"args":t}),e()}}function a(){var e=["foundException","resetException","submit"],r=this;r.isProxy=!0;for(var t=e.length,n=0;n<t;n++){var a=e[n];a&&(r[a]=o(a))}}function i(e,r,t,n,o,a,i){var u=h.event;return a||(a=l(o||u,i?i+2:2)),
h.$Debug&&h.$Debug.appendLog&&h.$Debug.appendLog("[WebWatson]:"+(e||"")+" in "+(r||"")+" @ "+(t||"??")),E.submit(e,r,t,n,o||u,a,i)}function u(e,r){return{"signature":e,"args":r,"toString":function(){return this.signature}}}function s(e){for(var r=[],t=e.split("\n"),n=0;n<t.length;n++){r.push(u(t[n],[]))}return r}function c(e){for(var r=[],t=e.split("\n"),n=0;n<t.length;n++){var o=u(t[n],[]);t[n+1]&&(o.signature+="@"+t[n+1],n++),r.push(o)}return r}function d(e){if(!e){return null}try{if(e.stack){
return s(e.stack)}if(e.error){if(e.error.stack){return s(e.error.stack)}}else if(window.opera&&e.message){return c(e.message)}}catch(e){}return null}function l(e,r){var t=[];try{for(var n=arguments.callee;r>0;){n=n?n.caller:n,r--}for(var o=0;n&&o<L;){var a="InvalidMethod()";try{a=n.toString()}catch(e){}var i=[],s=n.args||n.arguments;if(s){for(var c=0;c<s.length;c++){i[c]=s[c]}}t.push(u(a,i)),n=n.caller,o++}}catch(e){t.push(u(e.toString(),[]))}var l=d(e)
;return l&&(t.push(u("--- Error Event Stack -----------------",[])),t=t.concat(l)),t}function f(e){if(e){try{var r=/function (.{1,})\(/,t=r.exec(e.constructor.toString());return t&&t.length>1?t[1]:""}catch(e){}}return""}function g(e){if(e){try{if("string"!=typeof e&&JSON&&JSON.stringify){var r=f(e),t=JSON.stringify(e);return t&&"{}"!==t||(e.error&&(e=e.error,r=f(e)),(t=JSON.stringify(e))&&"{}"!==t||(t=e.toString())),r+":"+t}}catch(e){}}return""+(e||"")}function v(e){var r=[];try{
if(jQuery?(r.push("jQuery v:"+jQuery().jquery),jQuery.easing?r.push("jQuery.easing:"+JSON.stringify(jQuery.easing)):r.push("jQuery.easing is not defined")):r.push("jQuery is not defined"),e&&e.expectedVersion&&r.push("Expected jQuery v:"+e.expectedVersion),m){var t,n="";for(t=0;t<m.o.length;t++){n+=m.o[t]+";"}for(r.push("$Do.o["+n+"]"),n="",t=0;t<m.q.length;t++){n+=m.q[t].id+";"}r.push("$Do.q["+n+"]")}if(h.$Debug&&h.$Debug.getLogs){var o=h.$Debug.getLogs();o&&o.length>0&&(r=r.concat(o))}if(b){
for(var a=0;a<b.length;a++){var i=b[a];if(i&&"submit"===i.cmdName){try{if(JSON&&JSON.stringify){var u=JSON.stringify(i);u&&r.push(u)}}catch(e){r.push(g(e))}}}}}catch(e){r.push(g(e))}return r}var h=window,p=h.$Config||{},y=p.watson,m=h.$Do;if(!h.$WebWatson&&y){var b=[],$=!1,w=!1,L=10,E=h.$WebWatson=new a;E.CB={},E._orgErrorHandler=h.onerror,h.onerror=i,E.errorHooked=!0,m.when("jQuery.version",function(e){y.expectedVersion=e}),m.register("$WebWatson")}}(),function(){function e(e,r){
for(var t=r.split("."),n=t.length,o=0;o<n&&null!==e&&void 0!==e;){e=e[t[o++]]}return e}function r(r){var t=null;return null===s&&(s=e(a,"Constants")),null!==s&&r&&(t=e(s,r)),null===t||void 0===t?"":t.toString()}function t(t){var n=null;return null===i&&(i=e(a,"$Config.strings")),null!==i&&t&&(n=e(i,t.toLowerCase())),null!==n&&void 0!==n||(n=r(t)),null===n||void 0===n?"":n.toString()}function n(e,r){var n=null;return e&&r&&r[e]&&(n=t("errors."+r[e])),n||(n=t("errors."+e)),n||(n=t("errors."+c)),n||(n=t(c)),n}
function o(t){var n=null;return null===u&&(u=e(a,"$Config.urls")),null!==u&&t&&(n=e(u,t.toLowerCase())),null!==n&&void 0!==n||(n=r(t)),null===n||void 0===n?"":n.toString()}var a=window,i=null,u=null,s=null,c="GENERIC_ERROR";a.GetString=t,a.GetErrorString=n,a.GetUrl=o}(),function(){var e=window,r=e.$Config||{};e.$B=r.browser||{}}();

//]]></script> 

        <link rel="prefetch" href="" />
        <link rel="shortcut icon" href="https://aadcdn.msauth.net/shared/1.0/content/images/favicon_a_eupayfgghqiai7k9sol6lg2.ico" />

    <script type="text/javascript">
        ServerData = $Config;
    </script>


    
    <style>/*! Copyright (C) Microsoft Corporation. All rights reserved. *//*!
------------------------------------------- START OF THIRD PARTY NOTICE -----------------------------------------

This file is based on or incorporates material from the projects listed below (Third Party IP). The original copyright notice and the license under which Microsoft received such Third Party IP, are set forth below. Such licenses and notices are provided for informational purposes only. Microsoft licenses the Third Party IP to you under the licensing terms for the Microsoft product. Microsoft reserves all other rights not expressly granted under this agreement, whether by implication, estoppel or otherwise.

//-----------------------------------------------------------------------------
twbs-bootstrap-sass (3.3.0)
//-----------------------------------------------------------------------------

The MIT License (MIT)

Copyright (c) 2013 Twitter, Inc

Permission is hereby granted, free of charge, to any person obtaining a copy
of this software and associated documentation files (the "Software"), to deal
in the Software without restriction, including without limitation the rights
to use, copy, modify, merge, publish, distribute, sublicense, and/or sell
copies of the Software, and to permit persons to whom the Software is
furnished to do so, subject to the following conditions:

The above copyright notice and this permission notice shall be included in
all copies or substantial portions of the Software.

THE SOFTWARE IS PROVIDED "AS IS", WITHOUT WARRANTY OF ANY KIND, EXPRESS OR
IMPLIED, INCLUDING BUT NOT LIMITED TO THE WARRANTIES OF MERCHANTABILITY,
FITNESS FOR A PARTICULAR PURPOSE AND NONINFRINGEMENT. IN NO EVENT SHALL THE
AUTHORS OR COPYRIGHT HOLDERS BE LIABLE FOR ANY CLAIM, DAMAGES OR OTHER
LIABILITY, WHETHER IN AN ACTION OF CONTRACT, TORT OR OTHERWISE, ARISING FROM,
OUT OF OR IN CONNECTION WITH THE SOFTWARE OR THE USE OR OTHER DEALINGS IN
THE SOFTWARE.

//-----------------------------------------------------------------------------
necolas-normalize.css (3.0.2)
//-----------------------------------------------------------------------------
! normalize.css v3.0.2 | MIT License | git.io/normalize

Copyright (c) Nicolas Gallagher and Jonathan Neal

Permission is hereby granted, free of charge, to any person obtaining a copy of this software and associated documentation files (the "Software"), to deal in the Software without restriction, including without limitation the rights to use, copy, modify, merge, publish, distribute, sublicense, and/or sell copies of the Software, and to permit persons to whom the Software is furnished to do so, subject to the following conditions:

The above copyright notice and this permission notice shall be included in all copies or substantial portions of the Software.

THE SOFTWARE IS PROVIDED "AS IS", WITHOUT WARRANTY OF ANY KIND, EXPRESS OR IMPLIED, INCLUDING BUT NOT LIMITED TO THE WARRANTIES OF MERCHANTABILITY, FITNESS FOR A PARTICULAR PURPOSE AND NONINFRINGEMENT. IN NO EVENT SHALL THE AUTHORS OR COPYRIGHT HOLDERS BE LIABLE FOR ANY CLAIM, DAMAGES OR OTHER LIABILITY, WHETHER IN AN ACTION OF CONTRACT, TORT OR OTHERWISE, ARISING FROM, OUT OF OR IN CONNECTION WITH THE SOFTWARE OR THE USE OR OTHER DEALINGS IN THE SOFTWARE.

Provided for Informational Purposes Only
MIT License
Permission is hereby granted, free of charge, to any person obtaining a copy of this software and associated documentation files (the Software), to deal in the Software without restriction, including without limitation the rights to use, copy, modify, merge, publish, distribute, sublicense, and/or sell copies of the Software, and to permit persons to whom the Software is furnished to do so, subject to the following conditions:
The above copyright notice and this permission notice shall be included in all copies or substantial portions of the Software.
THE SOFTWARE IS PROVIDED "AS IS", WITHOUT WARRANTY OF ANY KIND, EXPRESS OR IMPLIED, INCLUDING BUT NOT LIMITED TO THE WARRANTIES OF
MERCHANTABILITY, FITNESS FOR A PARTICULAR PURPOSE AND
NONINFRINGEMENT. IN NO EVENT SHALL THE AUTHORS OR COPYRIGHT HOLDERS BE
LIABLE FOR ANY CLAIM, DAMAGES OR OTHER LIABILITY, WHETHER IN AN ACTION
OF CONTRACT, TORT OR OTHERWISE, ARISING FROM, OUT OF OR IN CONNECTION
WITH THE SOFTWARE OR THE USE OR OTHER DEALINGS IN THE SOFTWARE.
*//*! normalize.css v3.0.2 | MIT License | git.io/normalize */html{font-family:sans-serif;-ms-text-size-adjust:100%;-webkit-text-size-adjust:100%}body{margin:0}article,aside,details,figcaption,figure,footer,header,hgroup,main,menu,nav,section,summary{display:block}audio,canvas,progress,video{display:inline-block;vertical-align:baseline}audio:not([controls]){display:none;height:0}[hidden],template{display:none}a{background-color:transparent}a:active,a:hover{outline:0}abbr[title]{border-bottom:1px dotted}b,strong{font-weight:bold}dfn{font-style:italic}h1{font-size:2em;margin:.67em 0}mark{background:#ff0;color:#000}small{font-size:80%}sub,sup{font-size:75%;line-height:0;position:relative;vertical-align:baseline}sup{top:-0.5em}sub{bottom:-0.25em}img{border:0}svg:not(:root){overflow:hidden}figure{margin:1em 40px}hr{-moz-box-sizing:content-box;box-sizing:content-box;height:0}pre{overflow:auto}code,kbd,pre,samp{font-family:monospace,monospace;font-size:1em}button,input,optgroup,select,textarea{color:inherit;font:inherit;margin:0}button{overflow:visible}button,select{text-transform:none}button,html input[type="button"],input[type="reset"],input[type="submit"]{-webkit-appearance:button;cursor:pointer}button[disabled],html input[disabled]{cursor:default}button::-moz-focus-inner,input::-moz-focus-inner{border:0;padding:0}input{line-height:normal}input[type="checkbox"],input[type="radio"]{box-sizing:border-box;padding:0}input[type="number"]::-webkit-inner-spin-button,input[type="number"]::-webkit-outer-spin-button{height:auto}input[type="search"]{-webkit-appearance:textfield;-moz-box-sizing:content-box;-webkit-box-sizing:content-box;box-sizing:content-box}input[type="search"]::-webkit-search-cancel-button,input[type="search"]::-webkit-search-decoration{-webkit-appearance:none}fieldset{border:1px solid #c0c0c0;margin:0 2px;padding:.35em .625em .75em}legend{border:0;padding:0}textarea{overflow:auto}optgroup{font-weight:bold}table{border-collapse:collapse;border-spacing:0}td,th{padding:0}*{-webkit-box-sizing:border-box;-moz-box-sizing:border-box;box-sizing:border-box}*:before,*:after{-webkit-box-sizing:border-box;-moz-box-sizing:border-box;box-sizing:border-box}input,button,select,textarea{font-family:inherit;font-size:inherit;line-height:inherit}a:focus{outline:thin dotted;outline-offset:-2px;outline:5px auto -webkit-focus-ring-color}figure{margin:0}img{vertical-align:middle}.img-responsive{display:block;max-width:100%;height:auto}.img-circle{border-radius:50%}.sr-only{position:absolute;width:1px;height:1px;margin:-1px;padding:0;overflow:hidden;clip:rect(0, 0, 0, 0);border:0}.sr-only-focusable:active,.sr-only-focusable:focus{position:static;width:auto;height:auto;margin:0;overflow:visible;clip:auto}html{font-size:100%}body{font-family:"Segoe UI Webfont",-apple-system,"Helvetica Neue","Lucida Grande","Roboto","Ebrima","Nirmala UI","Gadugi","Segoe Xbox Symbol","Segoe UI Symbol","Meiryo UI","Khmer UI","Tunga","Lao UI","Raavi","Iskoola Pota","Latha","Leelawadee","Microsoft YaHei UI","Microsoft JhengHei UI","Malgun Gothic","Estrangelo Edessa","Microsoft Himalaya","Microsoft New Tai Lue","Microsoft PhagsPa","Microsoft Tai Le","Microsoft Yi Baiti","Mongolian Baiti","MV Boli","Myanmar Text","Cambria Math";font-size:15px;line-height:20px;font-weight:400;font-size:.9375rem;line-height:1.25rem;padding-bottom:.227px;padding-top:.227px;color:#000;background-color:#fff}a{color:#ccc;text-decoration:none}a:link{color:#0067b8}a:visited{color:#0067b8}a:hover{color:#666}a:focus{color:#0067b8}a:active{color:#999}.text-center{text-align:center}.text-justify{text-align:justify}.text-nowrap{white-space:nowrap}.text-lowercase{text-transform:lowercase}.text-uppercase{text-transform:uppercase}.text-capitalize{text-transform:capitalize}ul,ol{margin-top:0;margin-bottom:10px}ul ul,ul ol,ol ul,ol ol{margin-bottom:0}abbr[title],abbr[data-original-title]{cursor:help}blockquote p:last-child,blockquote ul:last-child,blockquote ol:last-child{margin-bottom:0}blockquote footer,blockquote small,blockquote .small{display:block}address{font-style:normal}@font-face{font-family:'Segoe UI Webfont';src:local("Segoe UI Light");font-weight:200;font-style:normal}@font-face{font-family:'Segoe UI Webfont';src:local("Segoe UI");font-weight:400;font-style:normal}@font-face{font-family:'Segoe UI Webfont';src:local("Segoe UI Semibold");font-weight:600;font-style:normal}h1,h2,h3,h4,h5,h6,.text-headline,.text-header,.text-subheader,.text-title,.text-subtitle,.text-body,.text-base,.text-caption,.text-caption-alt,.text-subcaption,p{margin-bottom:20px;margin-top:20px;margin-bottom:1.25rem;margin-top:1.25rem}.text-headline{font-size:62px;line-height:80px;font-weight:200;font-size:3.875rem;line-height:5rem;padding-bottom:2.2716px;padding-top:2.2716px}.text-headline.text-maxlines-1{white-space:nowrap;text-overflow:ellipsis;max-height:84.5432px;max-height:5.28395rem}.text-headline.text-maxlines-2{max-height:164.5432px;max-height:10.28395rem}.text-headline.text-maxlines-3{max-height:244.5432px;max-height:15.28395rem}.text-headline.text-maxlines-4{max-height:324.5432px;max-height:20.28395rem}.text-header,h1{font-size:46px;line-height:56px;font-weight:200;font-size:2.875rem;line-height:3.5rem;padding-bottom:3.3628px;padding-top:3.3628px}.text-header.text-maxlines-1,h1.text-maxlines-1{white-space:nowrap;text-overflow:ellipsis;max-height:62.7256px;max-height:3.92035rem}.text-header.text-maxlines-2,h1.text-maxlines-2{max-height:118.7256px;max-height:7.42035rem}.text-header.text-maxlines-3,h1.text-maxlines-3{max-height:174.7256px;max-height:10.92035rem}.text-header.text-maxlines-4,h1.text-maxlines-4{max-height:230.7256px;max-height:14.42035rem}.text-subheader,h2{font-size:34px;line-height:40px;font-weight:200;font-size:2.125rem;line-height:2.5rem;padding-bottom:3.1812px;padding-top:3.1812px}.text-subheader.text-maxlines-1,h2.text-maxlines-1{white-space:nowrap;text-overflow:ellipsis;max-height:46.3624px;max-height:2.89765rem}.text-subheader.text-maxlines-2,h2.text-maxlines-2{max-height:86.3624px;max-height:5.39765rem}.text-subheader.text-maxlines-3,h2.text-maxlines-3{max-height:126.3624px;max-height:7.89765rem}.text-subheader.text-maxlines-4,h2.text-maxlines-4{max-height:166.3624px;max-height:10.39765rem}.text-title,h3{font-size:24px;line-height:28px;font-weight:300;font-size:1.5rem;line-height:1.75rem;padding-bottom:2.3632px;padding-top:2.3632px}.text-title.text-maxlines-1,h3.text-maxlines-1{white-space:nowrap;text-overflow:ellipsis;max-height:32.7264px;max-height:2.0454rem}.text-title.text-maxlines-2,h3.text-maxlines-2{max-height:60.7264px;max-height:3.7954rem}.text-title.text-maxlines-3,h3.text-maxlines-3{max-height:88.7264px;max-height:5.5454rem}.text-title.text-maxlines-4,h3.text-maxlines-4{max-height:116.7264px;max-height:7.2954rem}.text-subtitle,h4{font-size:20px;line-height:24px;font-weight:400;font-size:1.25rem;line-height:1.5rem;padding-bottom:1.636px;padding-top:1.636px}.text-subtitle.text-maxlines-1,h4.text-maxlines-1{white-space:nowrap;text-overflow:ellipsis;max-height:27.272px;max-height:1.7045rem}.text-subtitle.text-maxlines-2,h4.text-maxlines-2{max-height:51.272px;max-height:3.2045rem}.text-subtitle.text-maxlines-3,h4.text-maxlines-3{max-height:75.272px;max-height:4.7045rem}.text-subtitle.text-maxlines-4,h4.text-maxlines-4{max-height:99.272px;max-height:6.2045rem}.text-caption,h5{font-size:12px;line-height:14px;font-weight:400;font-size:.75rem;line-height:.875rem;padding-bottom:1.1816px;padding-top:1.1816px}.text-caption.text-maxlines-1,h5.text-maxlines-1{white-space:nowrap;text-overflow:ellipsis;max-height:16.3632px;max-height:1.0227rem}.text-caption.text-maxlines-2,h5.text-maxlines-2{max-height:30.3632px;max-height:1.8977rem}.text-caption.text-maxlines-3,h5.text-maxlines-3{max-height:44.3632px;max-height:2.7727rem}.text-caption.text-maxlines-4,h5.text-maxlines-4{max-height:58.3632px;max-height:3.6477rem}.text-caption-alt,h6{font-size:10px;line-height:12px;font-weight:400;font-size:.625rem;line-height:.75rem;padding-bottom:.818px;padding-top:.818px}.text-caption-alt.text-maxlines-1,h6.text-maxlines-1{white-space:nowrap;text-overflow:ellipsis;max-height:13.636px;max-height:.85225rem}.text-caption-alt.text-maxlines-2,h6.text-maxlines-2{max-height:25.636px;max-height:1.60225rem}.text-caption-alt.text-maxlines-3,h6.text-maxlines-3{max-height:37.636px;max-height:2.35225rem}.text-caption-alt.text-maxlines-4,h6.text-maxlines-4{max-height:49.636px;max-height:3.10225rem}.text-subcaption{font-size:8px;line-height:10px;font-weight:400;font-size:.5rem;line-height:.625rem;padding-bottom:.4544px;padding-top:.4544px}.text-subcaption.text-maxlines-1{white-space:nowrap;text-overflow:ellipsis;max-height:10.9088px;max-height:.6818rem}.text-subcaption.text-maxlines-2{max-height:20.9088px;max-height:1.3068rem}.text-subcaption.text-maxlines-3{max-height:30.9088px;max-height:1.9318rem}.text-subcaption.text-maxlines-4{max-height:40.9088px;max-height:2.5568rem}.text-body,p{font-size:15px;line-height:20px;font-weight:400;font-size:.9375rem;line-height:1.25rem;padding-bottom:.227px;padding-top:.227px}.text-body.text-maxlines-1,p.text-maxlines-1{white-space:nowrap;text-overflow:ellipsis;max-height:20.454px;max-height:1.27838rem}.text-body.text-maxlines-2,p.text-maxlines-2{max-height:40.454px;max-height:2.52838rem}.text-body.text-maxlines-3,p.text-maxlines-3{max-height:60.454px;max-height:3.77838rem}.text-body.text-maxlines-4,p.text-maxlines-4{max-height:80.454px;max-height:5.02838rem}.text-base{font-size:15px;line-height:20px;font-weight:600;font-size:.9375rem;line-height:1.25rem;padding-bottom:.227px;padding-top:.227px}.text-base.text-maxlines-1{white-space:nowrap;text-overflow:ellipsis;max-height:20.454px;max-height:1.27838rem}.text-base.text-maxlines-2{max-height:40.454px;max-height:2.52838rem}.text-base.text-maxlines-3{max-height:60.454px;max-height:3.77838rem}.text-base.text-maxlines-4{max-height:80.454px;max-height:5.02838rem}[class*="text-maxlines"]{overflow:hidden}.text-left{text-align:left}.text-right{text-align:right}.list-unstyled{padding-left:0;list-style:none}ul{padding-left:0;list-style:none}ul,ol{margin-top:20px;margin-bottom:20px}ul li,ol li{margin-top:12px;margin-bottom:12px}.list-inline{padding-left:0;list-style:none;margin-left:-4px}.list-inline>li{display:inline-block;padding-left:4px;padding-right:4px}blockquote{padding:8px 12px;margin:0 0 12px}.blockquote-reverse,blockquote.pull-right{padding-right:12px;padding-left:0;text-align:right}address{margin-bottom:12px}.container,.container-fluid{margin-right:auto;margin-left:auto;padding-left:2px;padding-right:2px;width:90%}.container:before,.container:after,.container-fluid:before,.container-fluid:after{content:" ";display:table}.container:after,.container-fluid:after{clear:both}.container .container,.container-fluid .container{width:auto}.row{margin-left:-2px;margin-right:-2px}.row:before,.row:after{content:" ";display:table}.row:after{clear:both}.col-xs-1,.col-sm-1,.col-md-1,.col-lg-1,.col-xs-2,.col-sm-2,.col-md-2,.col-lg-2,.col-xs-3,.col-sm-3,.col-md-3,.col-lg-3,.col-xs-4,.col-sm-4,.col-md-4,.col-lg-4,.col-xs-5,.col-sm-5,.col-md-5,.col-lg-5,.col-xs-6,.col-sm-6,.col-md-6,.col-lg-6,.col-xs-7,.col-sm-7,.col-md-7,.col-lg-7,.col-xs-8,.col-sm-8,.col-md-8,.col-lg-8,.col-xs-9,.col-sm-9,.col-md-9,.col-lg-9,.col-xs-10,.col-sm-10,.col-md-10,.col-lg-10,.col-xs-11,.col-sm-11,.col-md-11,.col-lg-11,.col-xs-12,.col-sm-12,.col-md-12,.col-lg-12,.col-xs-13,.col-sm-13,.col-md-13,.col-lg-13,.col-xs-14,.col-sm-14,.col-md-14,.col-lg-14,.col-xs-15,.col-sm-15,.col-md-15,.col-lg-15,.col-xs-16,.col-sm-16,.col-md-16,.col-lg-16,.col-xs-17,.col-sm-17,.col-md-17,.col-lg-17,.col-xs-18,.col-sm-18,.col-md-18,.col-lg-18,.col-xs-19,.col-sm-19,.col-md-19,.col-lg-19,.col-xs-20,.col-sm-20,.col-md-20,.col-lg-20,.col-xs-21,.col-sm-21,.col-md-21,.col-lg-21,.col-xs-22,.col-sm-22,.col-md-22,.col-lg-22,.col-xs-23,.col-sm-23,.col-md-23,.col-lg-23,.col-xs-24,.col-sm-24,.col-md-24,.col-lg-24{position:relative;min-height:1px;padding-left:2px;padding-right:2px}.col-xs-1,.col-xs-2,.col-xs-3,.col-xs-4,.col-xs-5,.col-xs-6,.col-xs-7,.col-xs-8,.col-xs-9,.col-xs-10,.col-xs-11,.col-xs-12,.col-xs-13,.col-xs-14,.col-xs-15,.col-xs-16,.col-xs-17,.col-xs-18,.col-xs-19,.col-xs-20,.col-xs-21,.col-xs-22,.col-xs-23,.col-xs-24{float:left}.col-xs-1{width:4.16667%}.col-xs-2{width:8.33333%}.col-xs-3{width:12.5%}.col-xs-4{width:16.66667%}.col-xs-5{width:20.83333%}.col-xs-6{width:25%}.col-xs-7{width:29.16667%}.col-xs-8{width:33.33333%}.col-xs-9{width:37.5%}.col-xs-10{width:41.66667%}.col-xs-11{width:45.83333%}.col-xs-12{width:50%}.col-xs-13{width:54.16667%}.col-xs-14{width:58.33333%}.col-xs-15{width:62.5%}.col-xs-16{width:66.66667%}.col-xs-17{width:70.83333%}.col-xs-18{width:75%}.col-xs-19{width:79.16667%}.col-xs-20{width:83.33333%}.col-xs-21{width:87.5%}.col-xs-22{width:91.66667%}.col-xs-23{width:95.83333%}.col-xs-24{width:100%}.col-xs-pull-0{right:auto}.col-xs-pull-1{right:4.16667%}.col-xs-pull-2{right:8.33333%}.col-xs-pull-3{right:12.5%}.col-xs-pull-4{right:16.66667%}.col-xs-pull-5{right:20.83333%}.col-xs-pull-6{right:25%}.col-xs-pull-7{right:29.16667%}.col-xs-pull-8{right:33.33333%}.col-xs-pull-9{right:37.5%}.col-xs-pull-10{right:41.66667%}.col-xs-pull-11{right:45.83333%}.col-xs-pull-12{right:50%}.col-xs-pull-13{right:54.16667%}.col-xs-pull-14{right:58.33333%}.col-xs-pull-15{right:62.5%}.col-xs-pull-16{right:66.66667%}.col-xs-pull-17{right:70.83333%}.col-xs-pull-18{right:75%}.col-xs-pull-19{right:79.16667%}.col-xs-pull-20{right:83.33333%}.col-xs-pull-21{right:87.5%}.col-xs-pull-22{right:91.66667%}.col-xs-pull-23{right:95.83333%}.col-xs-pull-24{right:100%}.col-xs-push-0{left:auto}.col-xs-push-1{left:4.16667%}.col-xs-push-2{left:8.33333%}.col-xs-push-3{left:12.5%}.col-xs-push-4{left:16.66667%}.col-xs-push-5{left:20.83333%}.col-xs-push-6{left:25%}.col-xs-push-7{left:29.16667%}.col-xs-push-8{left:33.33333%}.col-xs-push-9{left:37.5%}.col-xs-push-10{left:41.66667%}.col-xs-push-11{left:45.83333%}.col-xs-push-12{left:50%}.col-xs-push-13{left:54.16667%}.col-xs-push-14{left:58.33333%}.col-xs-push-15{left:62.5%}.col-xs-push-16{left:66.66667%}.col-xs-push-17{left:70.83333%}.col-xs-push-18{left:75%}.col-xs-push-19{left:79.16667%}.col-xs-push-20{left:83.33333%}.col-xs-push-21{left:87.5%}.col-xs-push-22{left:91.66667%}.col-xs-push-23{left:95.83333%}.col-xs-push-24{left:100%}.col-xs-offset-0{margin-left:0}.col-xs-offset-1{margin-left:4.16667%}.col-xs-offset-2{margin-left:8.33333%}.col-xs-offset-3{margin-left:12.5%}.col-xs-offset-4{margin-left:16.66667%}.col-xs-offset-5{margin-left:20.83333%}.col-xs-offset-6{margin-left:25%}.col-xs-offset-7{margin-left:29.16667%}.col-xs-offset-8{margin-left:33.33333%}.col-xs-offset-9{margin-left:37.5%}.col-xs-offset-10{margin-left:41.66667%}.col-xs-offset-11{margin-left:45.83333%}.col-xs-offset-12{margin-left:50%}.col-xs-offset-13{margin-left:54.16667%}.col-xs-offset-14{margin-left:58.33333%}.col-xs-offset-15{margin-left:62.5%}.col-xs-offset-16{margin-left:66.66667%}.col-xs-offset-17{margin-left:70.83333%}.col-xs-offset-18{margin-left:75%}.col-xs-offset-19{margin-left:79.16667%}.col-xs-offset-20{margin-left:83.33333%}.col-xs-offset-21{margin-left:87.5%}.col-xs-offset-22{margin-left:91.66667%}.col-xs-offset-23{margin-left:95.83333%}.col-xs-offset-24{margin-left:100%}@media (min-width:540px){.col-sm-1,.col-sm-2,.col-sm-3,.col-sm-4,.col-sm-5,.col-sm-6,.col-sm-7,.col-sm-8,.col-sm-9,.col-sm-10,.col-sm-11,.col-sm-12,.col-sm-13,.col-sm-14,.col-sm-15,.col-sm-16,.col-sm-17,.col-sm-18,.col-sm-19,.col-sm-20,.col-sm-21,.col-sm-22,.col-sm-23,.col-sm-24{float:left}.col-sm-1{width:4.16667%}.col-sm-2{width:8.33333%}.col-sm-3{width:12.5%}.col-sm-4{width:16.66667%}.col-sm-5{width:20.83333%}.col-sm-6{width:25%}.col-sm-7{width:29.16667%}.col-sm-8{width:33.33333%}.col-sm-9{width:37.5%}.col-sm-10{width:41.66667%}.col-sm-11{width:45.83333%}.col-sm-12{width:50%}.col-sm-13{width:54.16667%}.col-sm-14{width:58.33333%}.col-sm-15{width:62.5%}.col-sm-16{width:66.66667%}.col-sm-17{width:70.83333%}.col-sm-18{width:75%}.col-sm-19{width:79.16667%}.col-sm-20{width:83.33333%}.col-sm-21{width:87.5%}.col-sm-22{width:91.66667%}.col-sm-23{width:95.83333%}.col-sm-24{width:100%}.col-sm-pull-0{right:auto}.col-sm-pull-1{right:4.16667%}.col-sm-pull-2{right:8.33333%}.col-sm-pull-3{right:12.5%}.col-sm-pull-4{right:16.66667%}.col-sm-pull-5{right:20.83333%}.col-sm-pull-6{right:25%}.col-sm-pull-7{right:29.16667%}.col-sm-pull-8{right:33.33333%}.col-sm-pull-9{right:37.5%}.col-sm-pull-10{right:41.66667%}.col-sm-pull-11{right:45.83333%}.col-sm-pull-12{right:50%}.col-sm-pull-13{right:54.16667%}.col-sm-pull-14{right:58.33333%}.col-sm-pull-15{right:62.5%}.col-sm-pull-16{right:66.66667%}.col-sm-pull-17{right:70.83333%}.col-sm-pull-18{right:75%}.col-sm-pull-19{right:79.16667%}.col-sm-pull-20{right:83.33333%}.col-sm-pull-21{right:87.5%}.col-sm-pull-22{right:91.66667%}.col-sm-pull-23{right:95.83333%}.col-sm-pull-24{right:100%}.col-sm-push-0{left:auto}.col-sm-push-1{left:4.16667%}.col-sm-push-2{left:8.33333%}.col-sm-push-3{left:12.5%}.col-sm-push-4{left:16.66667%}.col-sm-push-5{left:20.83333%}.col-sm-push-6{left:25%}.col-sm-push-7{left:29.16667%}.col-sm-push-8{left:33.33333%}.col-sm-push-9{left:37.5%}.col-sm-push-10{left:41.66667%}.col-sm-push-11{left:45.83333%}.col-sm-push-12{left:50%}.col-sm-push-13{left:54.16667%}.col-sm-push-14{left:58.33333%}.col-sm-push-15{left:62.5%}.col-sm-push-16{left:66.66667%}.col-sm-push-17{left:70.83333%}.col-sm-push-18{left:75%}.col-sm-push-19{left:79.16667%}.col-sm-push-20{left:83.33333%}.col-sm-push-21{left:87.5%}.col-sm-push-22{left:91.66667%}.col-sm-push-23{left:95.83333%}.col-sm-push-24{left:100%}.col-sm-offset-0{margin-left:0}.col-sm-offset-1{margin-left:4.16667%}.col-sm-offset-2{margin-left:8.33333%}.col-sm-offset-3{margin-left:12.5%}.col-sm-offset-4{margin-left:16.66667%}.col-sm-offset-5{margin-left:20.83333%}.col-sm-offset-6{margin-left:25%}.col-sm-offset-7{margin-left:29.16667%}.col-sm-offset-8{margin-left:33.33333%}.col-sm-offset-9{margin-left:37.5%}.col-sm-offset-10{margin-left:41.66667%}.col-sm-offset-11{margin-left:45.83333%}.col-sm-offset-12{margin-left:50%}.col-sm-offset-13{margin-left:54.16667%}.col-sm-offset-14{margin-left:58.33333%}.col-sm-offset-15{margin-left:62.5%}.col-sm-offset-16{margin-left:66.66667%}.col-sm-offset-17{margin-left:70.83333%}.col-sm-offset-18{margin-left:75%}.col-sm-offset-19{margin-left:79.16667%}.col-sm-offset-20{margin-left:83.33333%}.col-sm-offset-21{margin-left:87.5%}.col-sm-offset-22{margin-left:91.66667%}.col-sm-offset-23{margin-left:95.83333%}.col-sm-offset-24{margin-left:100%}}@media (min-width:768px){.col-md-1,.col-md-2,.col-md-3,.col-md-4,.col-md-5,.col-md-6,.col-md-7,.col-md-8,.col-md-9,.col-md-10,.col-md-11,.col-md-12,.col-md-13,.col-md-14,.col-md-15,.col-md-16,.col-md-17,.col-md-18,.col-md-19,.col-md-20,.col-md-21,.col-md-22,.col-md-23,.col-md-24{float:left}.col-md-1{width:4.16667%}.col-md-2{width:8.33333%}.col-md-3{width:12.5%}.col-md-4{width:16.66667%}.col-md-5{width:20.83333%}.col-md-6{width:25%}.col-md-7{width:29.16667%}.col-md-8{width:33.33333%}.col-md-9{width:37.5%}.col-md-10{width:41.66667%}.col-md-11{width:45.83333%}.col-md-12{width:50%}.col-md-13{width:54.16667%}.col-md-14{width:58.33333%}.col-md-15{width:62.5%}.col-md-16{width:66.66667%}.col-md-17{width:70.83333%}.col-md-18{width:75%}.col-md-19{width:79.16667%}.col-md-20{width:83.33333%}.col-md-21{width:87.5%}.col-md-22{width:91.66667%}.col-md-23{width:95.83333%}.col-md-24{width:100%}.col-md-pull-0{right:auto}.col-md-pull-1{right:4.16667%}.col-md-pull-2{right:8.33333%}.col-md-pull-3{right:12.5%}.col-md-pull-4{right:16.66667%}.col-md-pull-5{right:20.83333%}.col-md-pull-6{right:25%}.col-md-pull-7{right:29.16667%}.col-md-pull-8{right:33.33333%}.col-md-pull-9{right:37.5%}.col-md-pull-10{right:41.66667%}.col-md-pull-11{right:45.83333%}.col-md-pull-12{right:50%}.col-md-pull-13{right:54.16667%}.col-md-pull-14{right:58.33333%}.col-md-pull-15{right:62.5%}.col-md-pull-16{right:66.66667%}.col-md-pull-17{right:70.83333%}.col-md-pull-18{right:75%}.col-md-pull-19{right:79.16667%}.col-md-pull-20{right:83.33333%}.col-md-pull-21{right:87.5%}.col-md-pull-22{right:91.66667%}.col-md-pull-23{right:95.83333%}.col-md-pull-24{right:100%}.col-md-push-0{left:auto}.col-md-push-1{left:4.16667%}.col-md-push-2{left:8.33333%}.col-md-push-3{left:12.5%}.col-md-push-4{left:16.66667%}.col-md-push-5{left:20.83333%}.col-md-push-6{left:25%}.col-md-push-7{left:29.16667%}.col-md-push-8{left:33.33333%}.col-md-push-9{left:37.5%}.col-md-push-10{left:41.66667%}.col-md-push-11{left:45.83333%}.col-md-push-12{left:50%}.col-md-push-13{left:54.16667%}.col-md-push-14{left:58.33333%}.col-md-push-15{left:62.5%}.col-md-push-16{left:66.66667%}.col-md-push-17{left:70.83333%}.col-md-push-18{left:75%}.col-md-push-19{left:79.16667%}.col-md-push-20{left:83.33333%}.col-md-push-21{left:87.5%}.col-md-push-22{left:91.66667%}.col-md-push-23{left:95.83333%}.col-md-push-24{left:100%}.col-md-offset-0{margin-left:0}.col-md-offset-1{margin-left:4.16667%}.col-md-offset-2{margin-left:8.33333%}.col-md-offset-3{margin-left:12.5%}.col-md-offset-4{margin-left:16.66667%}.col-md-offset-5{margin-left:20.83333%}.col-md-offset-6{margin-left:25%}.col-md-offset-7{margin-left:29.16667%}.col-md-offset-8{margin-left:33.33333%}.col-md-offset-9{margin-left:37.5%}.col-md-offset-10{margin-left:41.66667%}.col-md-offset-11{margin-left:45.83333%}.col-md-offset-12{margin-left:50%}.col-md-offset-13{margin-left:54.16667%}.col-md-offset-14{margin-left:58.33333%}.col-md-offset-15{margin-left:62.5%}.col-md-offset-16{margin-left:66.66667%}.col-md-offset-17{margin-left:70.83333%}.col-md-offset-18{margin-left:75%}.col-md-offset-19{margin-left:79.16667%}.col-md-offset-20{margin-left:83.33333%}.col-md-offset-21{margin-left:87.5%}.col-md-offset-22{margin-left:91.66667%}.col-md-offset-23{margin-left:95.83333%}.col-md-offset-24{margin-left:100%}}@media (min-width:992px){.col-lg-1,.col-lg-2,.col-lg-3,.col-lg-4,.col-lg-5,.col-lg-6,.col-lg-7,.col-lg-8,.col-lg-9,.col-lg-10,.col-lg-11,.col-lg-12,.col-lg-13,.col-lg-14,.col-lg-15,.col-lg-16,.col-lg-17,.col-lg-18,.col-lg-19,.col-lg-20,.col-lg-21,.col-lg-22,.col-lg-23,.col-lg-24{float:left}.col-lg-1{width:4.16667%}.col-lg-2{width:8.33333%}.col-lg-3{width:12.5%}.col-lg-4{width:16.66667%}.col-lg-5{width:20.83333%}.col-lg-6{width:25%}.col-lg-7{width:29.16667%}.col-lg-8{width:33.33333%}.col-lg-9{width:37.5%}.col-lg-10{width:41.66667%}.col-lg-11{width:45.83333%}.col-lg-12{width:50%}.col-lg-13{width:54.16667%}.col-lg-14{width:58.33333%}.col-lg-15{width:62.5%}.col-lg-16{width:66.66667%}.col-lg-17{width:70.83333%}.col-lg-18{width:75%}.col-lg-19{width:79.16667%}.col-lg-20{width:83.33333%}.col-lg-21{width:87.5%}.col-lg-22{width:91.66667%}.col-lg-23{width:95.83333%}.col-lg-24{width:100%}.col-lg-pull-0{right:auto}.col-lg-pull-1{right:4.16667%}.col-lg-pull-2{right:8.33333%}.col-lg-pull-3{right:12.5%}.col-lg-pull-4{right:16.66667%}.col-lg-pull-5{right:20.83333%}.col-lg-pull-6{right:25%}.col-lg-pull-7{right:29.16667%}.col-lg-pull-8{right:33.33333%}.col-lg-pull-9{right:37.5%}.col-lg-pull-10{right:41.66667%}.col-lg-pull-11{right:45.83333%}.col-lg-pull-12{right:50%}.col-lg-pull-13{right:54.16667%}.col-lg-pull-14{right:58.33333%}.col-lg-pull-15{right:62.5%}.col-lg-pull-16{right:66.66667%}.col-lg-pull-17{right:70.83333%}.col-lg-pull-18{right:75%}.col-lg-pull-19{right:79.16667%}.col-lg-pull-20{right:83.33333%}.col-lg-pull-21{right:87.5%}.col-lg-pull-22{right:91.66667%}.col-lg-pull-23{right:95.83333%}.col-lg-pull-24{right:100%}.col-lg-push-0{left:auto}.col-lg-push-1{left:4.16667%}.col-lg-push-2{left:8.33333%}.col-lg-push-3{left:12.5%}.col-lg-push-4{left:16.66667%}.col-lg-push-5{left:20.83333%}.col-lg-push-6{left:25%}.col-lg-push-7{left:29.16667%}.col-lg-push-8{left:33.33333%}.col-lg-push-9{left:37.5%}.col-lg-push-10{left:41.66667%}.col-lg-push-11{left:45.83333%}.col-lg-push-12{left:50%}.col-lg-push-13{left:54.16667%}.col-lg-push-14{left:58.33333%}.col-lg-push-15{left:62.5%}.col-lg-push-16{left:66.66667%}.col-lg-push-17{left:70.83333%}.col-lg-push-18{left:75%}.col-lg-push-19{left:79.16667%}.col-lg-push-20{left:83.33333%}.col-lg-push-21{left:87.5%}.col-lg-push-22{left:91.66667%}.col-lg-push-23{left:95.83333%}.col-lg-push-24{left:100%}.col-lg-offset-0{margin-left:0}.col-lg-offset-1{margin-left:4.16667%}.col-lg-offset-2{margin-left:8.33333%}.col-lg-offset-3{margin-left:12.5%}.col-lg-offset-4{margin-left:16.66667%}.col-lg-offset-5{margin-left:20.83333%}.col-lg-offset-6{margin-left:25%}.col-lg-offset-7{margin-left:29.16667%}.col-lg-offset-8{margin-left:33.33333%}.col-lg-offset-9{margin-left:37.5%}.col-lg-offset-10{margin-left:41.66667%}.col-lg-offset-11{margin-left:45.83333%}.col-lg-offset-12{margin-left:50%}.col-lg-offset-13{margin-left:54.16667%}.col-lg-offset-14{margin-left:58.33333%}.col-lg-offset-15{margin-left:62.5%}.col-lg-offset-16{margin-left:66.66667%}.col-lg-offset-17{margin-left:70.83333%}.col-lg-offset-18{margin-left:75%}.col-lg-offset-19{margin-left:79.16667%}.col-lg-offset-20{margin-left:83.33333%}.col-lg-offset-21{margin-left:87.5%}.col-lg-offset-22{margin-left:91.66667%}.col-lg-offset-23{margin-left:95.83333%}.col-lg-offset-24{margin-left:100%}}@media (min-width:1400px){.col-xl-1,.col-xl-2,.col-xl-3,.col-xl-4,.col-xl-5,.col-xl-6,.col-xl-7,.col-xl-8,.col-xl-9,.col-xl-10,.col-xl-11,.col-xl-12,.col-xl-13,.col-xl-14,.col-xl-15,.col-xl-16,.col-xl-17,.col-xl-18,.col-xl-19,.col-xl-20,.col-xl-21,.col-xl-22,.col-xl-23,.col-xl-24{float:left}.col-xl-1{width:4.16667%}.col-xl-2{width:8.33333%}.col-xl-3{width:12.5%}.col-xl-4{width:16.66667%}.col-xl-5{width:20.83333%}.col-xl-6{width:25%}.col-xl-7{width:29.16667%}.col-xl-8{width:33.33333%}.col-xl-9{width:37.5%}.col-xl-10{width:41.66667%}.col-xl-11{width:45.83333%}.col-xl-12{width:50%}.col-xl-13{width:54.16667%}.col-xl-14{width:58.33333%}.col-xl-15{width:62.5%}.col-xl-16{width:66.66667%}.col-xl-17{width:70.83333%}.col-xl-18{width:75%}.col-xl-19{width:79.16667%}.col-xl-20{width:83.33333%}.col-xl-21{width:87.5%}.col-xl-22{width:91.66667%}.col-xl-23{width:95.83333%}.col-xl-24{width:100%}.col-xl-pull-0{right:auto}.col-xl-pull-1{right:4.16667%}.col-xl-pull-2{right:8.33333%}.col-xl-pull-3{right:12.5%}.col-xl-pull-4{right:16.66667%}.col-xl-pull-5{right:20.83333%}.col-xl-pull-6{right:25%}.col-xl-pull-7{right:29.16667%}.col-xl-pull-8{right:33.33333%}.col-xl-pull-9{right:37.5%}.col-xl-pull-10{right:41.66667%}.col-xl-pull-11{right:45.83333%}.col-xl-pull-12{right:50%}.col-xl-pull-13{right:54.16667%}.col-xl-pull-14{right:58.33333%}.col-xl-pull-15{right:62.5%}.col-xl-pull-16{right:66.66667%}.col-xl-pull-17{right:70.83333%}.col-xl-pull-18{right:75%}.col-xl-pull-19{right:79.16667%}.col-xl-pull-20{right:83.33333%}.col-xl-pull-21{right:87.5%}.col-xl-pull-22{right:91.66667%}.col-xl-pull-23{right:95.83333%}.col-xl-pull-24{right:100%}.col-xl-push-0{left:auto}.col-xl-push-1{left:4.16667%}.col-xl-push-2{left:8.33333%}.col-xl-push-3{left:12.5%}.col-xl-push-4{left:16.66667%}.col-xl-push-5{left:20.83333%}.col-xl-push-6{left:25%}.col-xl-push-7{left:29.16667%}.col-xl-push-8{left:33.33333%}.col-xl-push-9{left:37.5%}.col-xl-push-10{left:41.66667%}.col-xl-push-11{left:45.83333%}.col-xl-push-12{left:50%}.col-xl-push-13{left:54.16667%}.col-xl-push-14{left:58.33333%}.col-xl-push-15{left:62.5%}.col-xl-push-16{left:66.66667%}.col-xl-push-17{left:70.83333%}.col-xl-push-18{left:75%}.col-xl-push-19{left:79.16667%}.col-xl-push-20{left:83.33333%}.col-xl-push-21{left:87.5%}.col-xl-push-22{left:91.66667%}.col-xl-push-23{left:95.83333%}.col-xl-push-24{left:100%}.col-xl-offset-0{margin-left:0}.col-xl-offset-1{margin-left:4.16667%}.col-xl-offset-2{margin-left:8.33333%}.col-xl-offset-3{margin-left:12.5%}.col-xl-offset-4{margin-left:16.66667%}.col-xl-offset-5{margin-left:20.83333%}.col-xl-offset-6{margin-left:25%}.col-xl-offset-7{margin-left:29.16667%}.col-xl-offset-8{margin-left:33.33333%}.col-xl-offset-9{margin-left:37.5%}.col-xl-offset-10{margin-left:41.66667%}.col-xl-offset-11{margin-left:45.83333%}.col-xl-offset-12{margin-left:50%}.col-xl-offset-13{margin-left:54.16667%}.col-xl-offset-14{margin-left:58.33333%}.col-xl-offset-15{margin-left:62.5%}.col-xl-offset-16{margin-left:66.66667%}.col-xl-offset-17{margin-left:70.83333%}.col-xl-offset-18{margin-left:75%}.col-xl-offset-19{margin-left:79.16667%}.col-xl-offset-20{margin-left:83.33333%}.col-xl-offset-21{margin-left:87.5%}.col-xl-offset-22{margin-left:91.66667%}.col-xl-offset-23{margin-left:95.83333%}.col-xl-offset-24{margin-left:100%}}fieldset{padding:0;margin:0;border:0;min-width:0}legend{display:block;width:100%;padding:0;border:0}label{display:inline-block;max-width:100%}input[type="search"]{-webkit-box-sizing:border-box;-moz-box-sizing:border-box;box-sizing:border-box}input[type="file"]{display:block}input[type="range"]{display:block;width:100%}select[multiple],select[size]{height:auto}input[type="file"]:focus,input[type="radio"]:focus,input[type="checkbox"]:focus{outline:thin dotted;outline-offset:-2px;outline:5px auto -webkit-focus-ring-color}output{display:block;padding-top:7px}.form-control{display:block;width:100%;background-image:none}textarea.form-control{height:auto}input[type="search"]{-webkit-appearance:none}input[type="date"],input[type="time"],input[type="datetime-local"],input[type="month"]{line-height:34px}.radio,.checkbox{position:relative;display:block}.radio label,.checkbox label{min-height:20px;margin-bottom:0;cursor:pointer}.radio.disabled label,fieldset[disabled] .radio label,.checkbox.disabled label,fieldset[disabled] .checkbox label{cursor:not-allowed}.help-block{display:block;margin-top:5px;margin-bottom:10px}@media (min-width:540px){.form-inline .form-group{display:inline-block;margin-bottom:0;vertical-align:middle}.form-inline .form-control{display:inline-block;width:auto;vertical-align:middle}.form-inline .input-group{display:inline-table;vertical-align:middle}.form-inline .input-group .input-group-addon,.form-inline .input-group .input-group-btn,.form-inline .input-group .form-control{width:auto}.form-inline .input-group>.form-control{width:100%}.form-inline .control-label{margin-bottom:0;vertical-align:middle}.form-inline .radio,.form-inline .checkbox{display:inline-block;margin-top:0;margin-bottom:0;vertical-align:middle}}input,button,textarea,select,option,progress{max-width:100%;line-height:inherit}.text-input,input[type="color"],input[type="date"],input[type="datetime"],input[type="datetime-local"],input[type="email"],input[type="month"],input[type="number"],input[type="password"],input[type="search"],input[type="tel"],input[type="text"],input[type="time"],input[type="url"],input[type="week"],textarea{padding:4px 8px;border-style:solid;border-width:2px;border-color:rgba(0,0,0,0.4);background-color:rgba(255,255,255,0.4);height:32px;height:2rem}.text-input-focus,input[type="color"]:focus,input[type="date"]:focus,input[type="datetime"]:focus,input[type="datetime-local"]:focus,input[type="email"]:focus,input[type="month"]:focus,input[type="number"]:focus,input[type="password"]:focus,input[type="search"]:focus,input[type="tel"]:focus,input[type="text"]:focus,input[type="time"]:focus,input[type="url"]:focus,input[type="week"]:focus,textarea:focus{border-color:#0067b8;background-color:#fff}.text-input-moz-placeholder,input[type="color"]::-moz-placeholder,input[type="date"]::-moz-placeholder,input[type="datetime"]::-moz-placeholder,input[type="datetime-local"]::-moz-placeholder,input[type="email"]::-moz-placeholder,input[type="month"]::-moz-placeholder,input[type="number"]::-moz-placeholder,input[type="password"]::-moz-placeholder,input[type="search"]::-moz-placeholder,input[type="tel"]::-moz-placeholder,input[type="text"]::-moz-placeholder,input[type="time"]::-moz-placeholder,input[type="url"]::-moz-placeholder,input[type="week"]::-moz-placeholder,textarea::-moz-placeholder{color:rgba(0,0,0,0.6);opacity:1}.text-input-ms-placeholder,input[type="color"]:-ms-input-placeholder,input[type="date"]:-ms-input-placeholder,input[type="datetime"]:-ms-input-placeholder,input[type="datetime-local"]:-ms-input-placeholder,input[type="email"]:-ms-input-placeholder,input[type="month"]:-ms-input-placeholder,input[type="number"]:-ms-input-placeholder,input[type="password"]:-ms-input-placeholder,input[type="search"]:-ms-input-placeholder,input[type="tel"]:-ms-input-placeholder,input[type="text"]:-ms-input-placeholder,input[type="time"]:-ms-input-placeholder,input[type="url"]:-ms-input-placeholder,input[type="week"]:-ms-input-placeholder,textarea:-ms-input-placeholder{color:rgba(0,0,0,0.6)}.text-input-webkit-placeholder,input[type="color"]::-webkit-input-placeholder,input[type="date"]::-webkit-input-placeholder,input[type="datetime"]::-webkit-input-placeholder,input[type="datetime-local"]::-webkit-input-placeholder,input[type="email"]::-webkit-input-placeholder,input[type="month"]::-webkit-input-placeholder,input[type="number"]::-webkit-input-placeholder,input[type="password"]::-webkit-input-placeholder,input[type="search"]::-webkit-input-placeholder,input[type="tel"]::-webkit-input-placeholder,input[type="text"]::-webkit-input-placeholder,input[type="time"]::-webkit-input-placeholder,input[type="url"]::-webkit-input-placeholder,input[type="week"]::-webkit-input-placeholder,textarea::-webkit-input-placeholder{color:rgba(0,0,0,0.6)}.text-input-disabled,input[type="color"][disabled],input[type="color"][readonly],fieldset[disabled] input[type="color"],input[type="date"][disabled],input[type="date"][readonly],fieldset[disabled] input[type="date"],input[type="datetime"][disabled],input[type="datetime"][readonly],fieldset[disabled] input[type="datetime"],input[type="datetime-local"][disabled],input[type="datetime-local"][readonly],fieldset[disabled] input[type="datetime-local"],input[type="email"][disabled],input[type="email"][readonly],fieldset[disabled] input[type="email"],input[type="month"][disabled],input[type="month"][readonly],fieldset[disabled] input[type="month"],input[type="number"][disabled],input[type="number"][readonly],fieldset[disabled] input[type="number"],input[type="password"][disabled],input[type="password"][readonly],fieldset[disabled] input[type="password"],input[type="search"][disabled],input[type="search"][readonly],fieldset[disabled] input[type="search"],input[type="tel"][disabled],input[type="tel"][readonly],fieldset[disabled] input[type="tel"],input[type="text"][disabled],input[type="text"][readonly],fieldset[disabled] input[type="text"],input[type="time"][disabled],input[type="time"][readonly],fieldset[disabled] input[type="time"],input[type="url"][disabled],input[type="url"][readonly],fieldset[disabled] input[type="url"],input[type="week"][disabled],input[type="week"][readonly],fieldset[disabled] input[type="week"],textarea[disabled],textarea[readonly],fieldset[disabled] textarea{border-color:#ccc !important;background-color:rgba(0,0,0,0.2) !important;color:rgba(0,0,0,0.2) !important}.text-input-has-error,.form-group.has-error input[type="color"],input[type="color"].has-error,.form-group.has-error input[type="date"],input[type="date"].has-error,.form-group.has-error input[type="datetime"],input[type="datetime"].has-error,.form-group.has-error input[type="datetime-local"],input[type="datetime-local"].has-error,.form-group.has-error input[type="email"],input[type="email"].has-error,.form-group.has-error input[type="month"],input[type="month"].has-error,.form-group.has-error input[type="number"],input[type="number"].has-error,.form-group.has-error input[type="password"],input[type="password"].has-error,.form-group.has-error input[type="search"],input[type="search"].has-error,.form-group.has-error input[type="tel"],input[type="tel"].has-error,.form-group.has-error input[type="text"],input[type="text"].has-error,.form-group.has-error input[type="time"],input[type="time"].has-error,.form-group.has-error input[type="url"],input[type="url"].has-error,.form-group.has-error input[type="week"],input[type="week"].has-error,.form-group.has-error textarea,textarea.has-error{border-color:#e81123}textarea{height:auto}input::-ms-clear,input::-ms-reveal{height:100%;padding:4px 8px;margin-right:-8px;margin-left:4px}input::-ms-clear:hover,input::-ms-reveal:hover{color:#0067b8}input::-ms-clear:active,input::-ms-reveal:active{color:#fff;background-color:#0067b8}.form-group.has-error input::-ms-clear:hover,.form-group.has-error input::-ms-reveal:hover,input.has-error::-ms-clear:hover,input.has-error::-ms-reveal:hover{color:#e81123}.form-group.has-error input::-ms-clear:active,.form-group.has-error input::-ms-reveal:active,input.has-error::-ms-clear:active,input.has-error::-ms-reveal:active{color:#fff;background-color:#e81123}input[type="radio"]{width:20px;height:20px}input[type="radio"]::-ms-check{background-color:#fff;color:#000;border-style:solid;border-width:2px;border-color:rgba(0,0,0,0.6)}input[type="radio"]:checked::-ms-check{color:#000;border-color:#0067b8}input[type="radio"]:hover::-ms-check{border-color:#000}input[type="radio"]:hover:checked::-ms-check{border-color:#0067b8}input[type="radio"]:active::-ms-check{color:rgba(0,0,0,0.6);border-color:rgba(0,0,0,0.6)}input[type="radio"]:active:checked::-ms-check{border-color:rgba(0,0,0,0.6)}input[type="radio"][disabled]::-ms-check,fieldset[disabled] input[type="radio"]::-ms-check{background-color:#fff !important;color:rgba(0,0,0,0.2) !important;border-color:rgba(0,0,0,0.2) !important}input[type="radio"][disabled]:checked::-ms-check,fieldset[disabled] input[type="radio"]:checked::-ms-check{color:rgba(0,0,0,0.2) !important}input[type="checkbox"]{width:20px;height:20px}input[type="checkbox"]::-ms-check{border-style:solid;border-width:2px;background-color:transparent;color:#000;border-color:rgba(0,0,0,0.8)}input[type="checkbox"]:checked::-ms-check{background-color:#0067b8;border-color:#0067b8}input[type="checkbox"]:hover::-ms-check{border-color:#000}input[type="checkbox"]:active::-ms-check{background-color:rgba(0,0,0,0.6);border-color:transparent}input[type="checkbox"][disabled]::-ms-check,fieldset[disabled] input[type="checkbox"]::-ms-check{border-color:rgba(0,0,0,0.2) !important;background-color:transparent !important;color:rgba(0,0,0,0.2) !important}progress{height:4px;border-style:none;color:#0067b8;background-color:#ccc;-webkit-appearance:none;display:block}progress::-ms-fill{color:#0067b8}progress::-webkit-progress-value{background-color:#0067b8}progress::-webkit-progress-bar{background-color:#ccc}progress::-moz-progress-bar{background-color:#0067b8}input[type="range"]{height:42px;padding-bottom:16px;padding-top:16px;border-style:none}input[type="range"]::-ms-track{height:2px;border-style:none;background-color:transparent;color:transparent}input[type="range"]::-ms-fill-lower{background-color:#0067b8}input[type="range"]::-ms-fill-upper{background-color:rgba(0,0,0,0.4)}input[type="range"]::-ms-thumb{background-color:#0067b8;width:24px;height:8px;border-radius:4px;border-style:none}input[type="range"]:hover::-ms-thumb{background-color:#1f1f1f}input[type="range"]:active::-ms-thumb{background-color:#ccc}input[type="range"]:disabled::-ms-fill-lower,input[type="range"]:disabled::-ms-fill-upper{background-color:rgba(0,0,0,0.2) !important}input[type="range"]:disabled::-ms-thumb{background-color:#ccc !important}legend{margin-bottom:12px}.form-group{margin-bottom:12px}.form-group label{margin-top:0;margin-bottom:8px}.radio,.checkbox{margin-top:12px;margin-bottom:12px}.radio label,.checkbox label{padding-left:28px}.radio input[type="radio"],.radio-inline input[type="radio"],.checkbox input[type="checkbox"],.checkbox-inline input[type="checkbox"]{position:absolute;margin-left:-28px}input[type="radio"][disabled],input[type="radio"].disabled,fieldset[disabled] input[type="radio"],input[type="checkbox"][disabled],input[type="checkbox"].disabled,fieldset[disabled] input[type="checkbox"]{cursor:not-allowed}input[type="radio"][disabled]+span,input[type="radio"].disabled+span,fieldset[disabled] input[type="radio"]+span,input[type="checkbox"][disabled]+span,input[type="checkbox"].disabled+span,fieldset[disabled] input[type="checkbox"]+span{color:rgba(0,0,0,0.2)}select{border:2px solid rgba(0,0,0,0.4);background-clip:padding-box;color:#000}select:focus option{background-color:#fff}select:hover{border-color:rgba(0,0,0,0.6)}select:active{background-color:#fff}select[multiple]:focus{background-color:#fff}select[disabled],select.disabled,fieldset[disabled] select{cursor:not-allowed;background-color:rgba(0,0,0,0.2) !important;border-color:rgba(0,0,0,0.2) !important;color:rgba(0,0,0,0.6) !important}select[disabled] option:hover,select[disabled] option:focus,select[disabled] option:active,select.disabled option:hover,select.disabled option:focus,select.disabled option:active,fieldset[disabled] select option:hover,fieldset[disabled] select option:focus,fieldset[disabled] select option:active{background-color:transparent !important}::-ms-expand{margin:0 6px 0 20px;background-color:transparent;border:0}.btn-block{display:block;width:100%}.btn-block+.btn-block{margin-top:5px}input[type="submit"].btn-block,input[type="reset"].btn-block,input[type="button"].btn-block{width:100%}.btn,button,input[type="button"],input[type="submit"],input[type="reset"]{display:inline-block;min-width:100px;padding:4px 12px 4px 12px;margin-top:4px;margin-bottom:4px;position:relative;max-width:100%;text-align:center;white-space:nowrap;overflow:hidden;vertical-align:middle;text-overflow:ellipsis;touch-action:manipulation;color:#000;border-style:solid;border-width:2px;border-color:transparent;background-color:rgba(0,0,0,0.2)}.btn:hover,.btn:focus,button:hover,button:focus,input[type="button"]:hover,input[type="button"]:focus,input[type="submit"]:hover,input[type="submit"]:focus,input[type="reset"]:hover,input[type="reset"]:focus{border-color:rgba(0,0,0,0.4)}.btn:hover,button:hover,input[type="button"]:hover,input[type="submit"]:hover,input[type="reset"]:hover{cursor:pointer}.btn:active,button:active,input[type="button"]:active,input[type="submit"]:active,input[type="reset"]:active{background-color:rgba(0,0,0,0.4);border-color:transparent}.btn.btn-primary,button.btn-primary,input[type="button"].btn-primary,input[type="submit"].btn-primary,input[type="reset"].btn-primary{background-color:#0067b8;border-color:#0067b8;color:#fff}.btn.btn-primary:hover,.btn.btn-primary:focus,button.btn-primary:hover,button.btn-primary:focus,input[type="button"].btn-primary:hover,input[type="button"].btn-primary:focus,input[type="submit"].btn-primary:hover,input[type="submit"].btn-primary:focus,input[type="reset"].btn-primary:hover,input[type="reset"].btn-primary:focus{border-color:#004e8c}.btn.btn-primary:active,button.btn-primary:active,input[type="button"].btn-primary:active,input[type="submit"].btn-primary:active,input[type="reset"].btn-primary:active{background-color:rgba(0,0,0,0.4);border-color:transparent}.btn.disabled,.btn[disabled],fieldset[disabled] .btn,button.disabled,button[disabled],fieldset[disabled] button,input[type="button"].disabled,input[type="button"][disabled],fieldset[disabled] input[type="button"],input[type="submit"].disabled,input[type="submit"][disabled],fieldset[disabled] input[type="submit"],input[type="reset"].disabled,input[type="reset"][disabled],fieldset[disabled] input[type="reset"]{cursor:not-allowed;pointer-events:none;outline:none;color:rgba(0,0,0,0.2) !important;border-color:transparent !important;background-color:rgba(0,0,0,0.2) !important}a.btn:link,a.btn:visited{color:#000}a.btn.btn-primary:link,a.btn.btn-primary:visited{color:#fff}.person{border-radius:50%;display:block;padding:4px;border:1px dotted transparent}.person .person-graphic{display:block;background-size:cover;background-position:center center;background-repeat:no-repeat;border-radius:50%}.person.person-small{width:54px;height:54px}.person.person-small .person-graphic{width:44px;height:44px}.person.person-medium{width:110px;height:110px}.person.person-medium .person-graphic{width:100px;height:100px}.person.person-large{width:210px;height:210px}.person.person-large .person-graphic{width:200px;height:200px}.person:focus{outline-style:none;border-color:#000}table{background-color:transparent}th{text-align:left}.table{width:100%;max-width:100%}.table>thead>tr>th,.table>thead>tr>td,.table>tbody>tr>th,.table>tbody>tr>td,.table>tfoot>tr>th,.table>tfoot>tr>td{padding:16px;vertical-align:top}.table>thead>tr>th{vertical-align:bottom}.table>caption+thead>tr:first-child>th,.table>caption+thead>tr:first-child>td,.table>colgroup+thead>tr:first-child>th,.table>colgroup+thead>tr:first-child>td,.table>thead:first-child>tr:first-child>th,.table>thead:first-child>tr:first-child>td{border-top:0}table col[class*="col-"]{position:static;float:none;display:table-column}table td[class*="col-"],table th[class*="col-"]{position:static;float:none;display:table-cell}.table-responsive{overflow-x:auto;min-height:.01%}@media screen and (max-width:539px){.table-responsive{width:100%;margin-bottom:15px;overflow-y:hidden;-ms-overflow-style:-ms-autohiding-scrollbar}.table-responsive>.table{margin-bottom:0}.table-responsive>.table>thead>tr>th,.table-responsive>.table>thead>tr>td,.table-responsive>.table>tbody>tr>th,.table-responsive>.table>tbody>tr>td,.table-responsive>.table>tfoot>tr>th,.table-responsive>.table>tfoot>tr>td{white-space:nowrap}}.table>thead>tr>th{font-size:12px;line-height:14px;font-weight:400;font-size:.75rem;line-height:.875rem;padding-bottom:1.1816px;padding-top:1.1816px;padding:0 16px 10px 16px}.table>thead>tr>th.text-maxlines-1{white-space:nowrap;text-overflow:ellipsis;max-height:16.3632px;max-height:1.0227rem}.table>thead>tr>th.text-maxlines-2{max-height:30.3632px;max-height:1.8977rem}.table>thead>tr>th.text-maxlines-3{max-height:44.3632px;max-height:2.7727rem}.table>thead>tr>th.text-maxlines-4{max-height:58.3632px;max-height:3.6477rem}.table>tbody>tr:nth-child(odd){background-color:#f2f2f2}.section{margin-top:30px;margin-bottom:30px}@media (min-width:320px){.section{margin-top:42px;margin-bottom:42px}}.section .section-header{padding-bottom:10px;border-bottom:1px solid #e6e6e6;margin-bottom:16px}@media (min-width:320px){.section .section-header{margin-bottom:32px}}.section .section-title{display:block;margin-top:0;margin-bottom:0;font-size:15px;line-height:20px;font-weight:600;font-size:.9375rem;line-height:1.25rem;padding-bottom:.227px;padding-top:.227px;color:#000}.section .section-title.text-maxlines-1{white-space:nowrap;text-overflow:ellipsis;max-height:20.454px;max-height:1.27838rem}.section .section-title.text-maxlines-2{max-height:40.454px;max-height:2.52838rem}.section .section-title.text-maxlines-3{max-height:60.454px;max-height:3.77838rem}.section .section-title.text-maxlines-4{max-height:80.454px;max-height:5.02838rem}@media (min-width:320px){.section .section-title{font-size:24px;line-height:28px;font-weight:300;font-size:1.5rem;line-height:1.75rem;padding-bottom:2.3632px;padding-top:2.3632px}.section .section-title.text-maxlines-1{white-space:nowrap;text-overflow:ellipsis;max-height:32.7264px;max-height:2.0454rem}.section .section-title.text-maxlines-2{max-height:60.7264px;max-height:3.7954rem}.section .section-title.text-maxlines-3{max-height:88.7264px;max-height:5.5454rem}.section .section-title.text-maxlines-4{max-height:116.7264px;max-height:7.2954rem}}.section .section-subtitle{display:block;font-size:15px;line-height:20px;font-weight:400;font-size:.9375rem;line-height:1.25rem;padding-bottom:.227px;padding-top:.227px;color:#767676}.section .section-subtitle.text-maxlines-1{white-space:nowrap;text-overflow:ellipsis;max-height:20.454px;max-height:1.27838rem}.section .section-subtitle.text-maxlines-2{max-height:40.454px;max-height:2.52838rem}.section .section-subtitle.text-maxlines-3{max-height:60.454px;max-height:3.77838rem}.section .section-subtitle.text-maxlines-4{max-height:80.454px;max-height:5.02838rem}.section .header-action{display:table-cell;vertical-align:bottom;white-space:nowrap;font-size:12px;line-height:14px;font-weight:400;font-size:.75rem;line-height:.875rem;padding-bottom:1.1816px;padding-top:1.1816px}.section .header-action.text-maxlines-1{white-space:nowrap;text-overflow:ellipsis;max-height:16.3632px;max-height:1.0227rem}.section .header-action.text-maxlines-2{max-height:30.3632px;max-height:1.8977rem}.section .header-action.text-maxlines-3{max-height:44.3632px;max-height:2.7727rem}.section .header-action.text-maxlines-4{max-height:58.3632px;max-height:3.6477rem}.section p{margin-top:12px;margin-bottom:12px}.section p .more-container{display:block;margin-top:6px}.section .btn-group{margin-top:20px;margin-bottom:20px}.section.remove-header-rule>.section-header{border-style:none}.section.has-header-action .header-titles{display:table-cell}.section.has-header-action .titles-outer{display:table;table-layout:fixed;width:100%}.section.has-header-action .titles-inner{display:table-cell;padding-right:10px}.section.item-section{margin-bottom:32px}.section.item-section .section-header{margin-bottom:16px;border-style:none;padding-bottom:0}.section.item-section .section-title{color:#000;font-size:15px;line-height:20px;font-weight:600;font-size:.9375rem;line-height:1.25rem;padding-bottom:.227px;padding-top:.227px}.section.item-section .section-title.text-maxlines-1{white-space:nowrap;text-overflow:ellipsis;max-height:20.454px;max-height:1.27838rem}.section.item-section .section-title.text-maxlines-2{max-height:40.454px;max-height:2.52838rem}.section.item-section .section-title.text-maxlines-3{max-height:60.454px;max-height:3.77838rem}.section.item-section .section-title.text-maxlines-4{max-height:80.454px;max-height:5.02838rem}.caret{display:inline-block;width:0;height:0;margin-left:2px;vertical-align:middle;border-top:4px solid;border-right:4px solid transparent;border-left:4px solid transparent}.dropdown{position:relative}.dropdown-toggle:focus{outline:0}.dropdown-menu{position:absolute;top:100%;left:0;z-index:1000;display:none;float:left;min-width:160px;padding:5px 0;margin:2px 0 0;list-style:none;font-size:14px;text-align:left;background-color:#fff;border:1px solid #ccc;border:1px solid rgba(0,0,0,0.15);border-radius:4px;-webkit-box-shadow:0 6px 12px rgba(0,0,0,0.175);box-shadow:0 6px 12px rgba(0,0,0,0.175);background-clip:padding-box}.dropdown-menu.pull-right{right:0;left:auto}.dropdown-menu .divider{height:1px;margin:9px 0;overflow:hidden;background-color:#e5e5e5}.dropdown-menu>li>a{display:block;padding:3px 20px;clear:both;font-weight:normal;line-height:1.42857;color:#333;white-space:nowrap}.dropdown-menu>li>a:hover,.dropdown-menu>li>a:focus{text-decoration:none;color:#262626;background-color:#f5f5f5}.dropdown-menu>.active>a,.dropdown-menu>.active>a:hover,.dropdown-menu>.active>a:focus{color:#fff;text-decoration:none;outline:0;background-color:#428bca}.dropdown-menu>.disabled>a,.dropdown-menu>.disabled>a:hover,.dropdown-menu>.disabled>a:focus{color:#777}.dropdown-menu>.disabled>a:hover,.dropdown-menu>.disabled>a:focus{text-decoration:none;background-color:transparent;background-image:none;filter:progid:DXImageTransform.Microsoft.gradient(enabled=false);cursor:not-allowed}.open>.dropdown-menu{display:block}.open>a{outline:0}.dropdown-menu-right{left:auto;right:0}.dropdown-menu-left{left:0;right:auto}.dropdown-header{display:block;padding:3px 20px;font-size:12px;line-height:1.42857;color:#777;white-space:nowrap}.dropdown-backdrop{position:fixed;left:0;right:0;bottom:0;top:0;z-index:990}.pull-right>.dropdown-menu{right:0;left:auto}.dropup .caret,.navbar-fixed-bottom .dropdown .caret{border-top:0;border-bottom:4px solid;content:""}.dropup .dropdown-menu,.navbar-fixed-bottom .dropdown .dropdown-menu{top:auto;bottom:100%;margin-bottom:1px}@media (min-width:768px){.navbar-right .dropdown-menu{right:0;left:auto}.navbar-right .dropdown-menu-left{left:0;right:auto}}[data-toggle="buttons"]>.btn input[type="radio"],[data-toggle="buttons"]>.btn input[type="checkbox"],[data-toggle="buttons"]>.btn-group>.btn input[type="radio"],[data-toggle="buttons"]>.btn-group>.btn input[type="checkbox"]{position:absolute;clip:rect(0, 0, 0, 0);pointer-events:none}.btn-group:before,.btn-group:after{content:" ";display:table}.btn-group:after{clear:both}.btn-group .btn{float:left;margin-right:4px}.input-group{position:relative;display:table;border-collapse:separate}.input-group[class*="col-"]{float:none;padding-left:0;padding-right:0}.input-group .form-control{position:relative;z-index:2;float:left;width:100%;margin-bottom:0}.input-group-addon,.input-group-btn,.input-group .form-control{display:table-cell}.input-group-addon:not(:first-child):not(:last-child),.input-group-btn:not(:first-child):not(:last-child),.input-group .form-control:not(:first-child):not(:last-child){border-radius:0}.input-group-addon,.input-group-btn{width:1%;white-space:nowrap;vertical-align:middle}.input-group-addon{padding:6px 12px;font-size:14px;font-weight:normal;line-height:1;color:#555;text-align:center;background-color:#eee;border:1px solid #ccc;border-radius:4px}.input-group-addon.input-sm,.input-group-sm>.input-group-addon,.input-group-sm>.input-group-btn>.input-group-addon.btn{padding:5px 10px;font-size:12px;border-radius:3px}.input-group-addon.input-lg,.input-group-lg>.input-group-addon,.input-group-lg>.input-group-btn>.input-group-addon.btn{padding:10px 16px;font-size:18px;border-radius:6px}.input-group-addon input[type="radio"],.input-group-addon input[type="checkbox"]{margin-top:0}.input-group .form-control:first-child,.input-group-addon:first-child,.input-group-btn:first-child>.btn,.input-group-btn:first-child>.btn-group>.btn,.input-group-btn:first-child>.dropdown-toggle,.input-group-btn:last-child>.btn:not(:last-child):not(.dropdown-toggle),.input-group-btn:last-child>.btn-group:not(:last-child)>.btn{border-bottom-right-radius:0;border-top-right-radius:0}.input-group-addon:first-child{border-right:0}.input-group .form-control:last-child,.input-group-addon:last-child,.input-group-btn:last-child>.btn,.input-group-btn:last-child>.btn-group>.btn,.input-group-btn:last-child>.dropdown-toggle,.input-group-btn:first-child>.btn:not(:first-child),.input-group-btn:first-child>.btn-group:not(:first-child)>.btn{border-bottom-left-radius:0;border-top-left-radius:0}.input-group-addon:last-child{border-left:0}.input-group-btn{position:relative;font-size:0;white-space:nowrap}.input-group-btn>.btn{position:relative}.input-group-btn>.btn+.btn{margin-left:-1px}.input-group-btn>.btn:hover,.input-group-btn>.btn:focus,.input-group-btn>.btn:active{z-index:2}.input-group-btn:first-child>.btn,.input-group-btn:first-child>.btn-group{margin-right:-1px}.input-group-btn:last-child>.btn,.input-group-btn:last-child>.btn-group{margin-left:-1px}.alert{margin-bottom:8px;margin-top:8px}.alert-error{color:#e81123}.modal-open{overflow:hidden}.modal{display:none;overflow:hidden;position:fixed;top:0;right:0;bottom:0;left:0;z-index:1040;-webkit-overflow-scrolling:touch;outline:0}.modal-open .modal{overflow-x:hidden;overflow-y:auto}.modal-dialog{position:relative;width:auto}.modal-content{position:relative;background-color:#fff;background-clip:padding-box;outline:0}.modal-backdrop{position:fixed;top:0;right:0;bottom:0;left:0;background-color:#000}.modal-backdrop.fade{opacity:0;filter:alpha(opacity=0)}.modal-backdrop.in{opacity:.5;filter:alpha(opacity=50)}.modal-header{min-height:16.42857px}.modal-title{margin:0;line-height:1.42857}.modal-body{position:relative}.modal-footer:before,.modal-footer:after{content:" ";display:table}.modal-footer:after{clear:both}.modal-scrollbar-measure{position:absolute;top:-9999px;width:50px;height:50px;overflow:scroll}@media (min-width:540px){.modal-dialog{width:600px}.modal-sm{width:300px}}@media (min-width:768px){.modal-lg{width:900px}}.modal .modal-dialog{margin:50vh auto;-webkit-transform:translate(0, -50%);-ms-transform:translate(0, -50%);-o-transform:translate(0, -50%);transform:translate(0, -50%);border:2px solid #0067b8}.modal .modal-content{padding:16px}.modal p:first-child{margin-top:0}.modal .btn{width:calc(48%)}.modal .btn:last-child{margin-right:0}.modal .btn:only-child{float:right}.modal .modal-footer{margin-top:24px}.tooltip{position:absolute;z-index:1070;display:block;visibility:visible}.tooltip-inner{text-decoration:none}.tooltip .tooltip-inner{background:#f2f2f2;color:#000;border:1px solid #ccc;padding:5px 8px 7px 8px;max-width:320px}.clearfix:before,.clearfix:after{content:" ";display:table}.clearfix:after{clear:both}.center-block{display:block;margin-left:auto;margin-right:auto}.hide{display:none !important}.show{display:block !important}.invisible{visibility:hidden}.text-hide{font:0/0 a;color:transparent;text-shadow:none;background-color:transparent;border:0}.hidden{display:none !important;visibility:hidden !important}.affix{position:fixed}.pull-right{float:right !important}.pull-left{float:left !important}@-ms-viewport{width:device-width}@media (max-width:539px){.visible-xs{display:block !important}table.visible-xs{display:table}tr.visible-xs{display:table-row !important}th.visible-xs,td.visible-xs{display:table-cell !important}}@media (max-width:539px){.visible-xs-block{display:block !important}}@media (max-width:539px){.visible-xs-inline{display:inline !important}}@media (max-width:539px){.visible-xs-inline-block{display:inline-block !important}}@media (min-width:540px) and (max-width:767px){.visible-sm{display:block !important}table.visible-sm{display:table}tr.visible-sm{display:table-row !important}th.visible-sm,td.visible-sm{display:table-cell !important}}@media (min-width:540px) and (max-width:767px){.visible-sm-block{display:block !important}}@media (min-width:540px) and (max-width:767px){.visible-sm-inline{display:inline !important}}@media (min-width:540px) and (max-width:767px){.visible-sm-inline-block{display:inline-block !important}}@media (min-width:768px) and (max-width:991px){.visible-md{display:block !important}table.visible-md{display:table}tr.visible-md{display:table-row !important}th.visible-md,td.visible-md{display:table-cell !important}}@media (min-width:768px) and (max-width:991px){.visible-md-block{display:block !important}}@media (min-width:768px) and (max-width:991px){.visible-md-inline{display:inline !important}}@media (min-width:768px) and (max-width:991px){.visible-md-inline-block{display:inline-block !important}}@media (min-width:992px){.visible-lg{display:block !important}table.visible-lg{display:table}tr.visible-lg{display:table-row !important}th.visible-lg,td.visible-lg{display:table-cell !important}}@media (min-width:992px){.visible-lg-block{display:block !important}}@media (min-width:992px){.visible-lg-inline{display:inline !important}}@media (min-width:992px){.visible-lg-inline-block{display:inline-block !important}}@media (max-width:539px){.hidden-xs{display:none !important}}@media (min-width:540px) and (max-width:767px){.hidden-sm{display:none !important}}@media (min-width:768px) and (max-width:991px){.hidden-md{display:none !important}}@media (min-width:992px){.hidden-lg{display:none !important}}.visible-print{display:none !important}@media print{.visible-print{display:block !important}table.visible-print{display:table}tr.visible-print{display:table-row !important}th.visible-print,td.visible-print{display:table-cell !important}}.visible-print-block{display:none !important}@media print{.visible-print-block{display:block !important}}.visible-print-inline{display:none !important}@media print{.visible-print-inline{display:inline !important}}.visible-print-inline-block{display:none !important}@media print{.visible-print-inline-block{display:inline-block !important}}@media print{.hidden-print{display:none !important}}.visible-xs,.visible-sm,.visible-md,.visible-lg,.visible-xl{display:none !important}.visible-xs-block,.visible-xs-inline,.visible-xs-inline-block,.visible-sm-block,.visible-sm-inline,.visible-sm-inline-block,.visible-md-block,.visible-md-inline,.visible-md-inline-block,.visible-lg-block,.visible-lg-inline,.visible-lg-inline-block,.visible-xl-block,.visible-xl-inline,.visible-xl-inline-block{display:none !important}@media (min-width:1400px){.visible-xl{display:block !important}table.visible-xl{display:table}tr.visible-xl{display:table-row !important}th.visible-xl,td.visible-xl{display:table-cell !important}}@media (min-width:1400px){.visible-xl-block{display:block !important}}@media (min-width:1400px){.visible-xl-inline{display:inline !important}}@media (min-width:1400px){.visible-xl-inline-block{display:inline-block !important}}@media (min-width:1400px){.hidden-xl{display:none !important}}@font-face{font-family:"Segoe UI Webfont";font-weight:300;src:local("Segoe UI Semilight")}@font-face{font-family:"Segoe UI Webfont";font-weight:700;src:local("Segoe UI Bold")}@font-face{font-family:"Segoe UI Webfont";font-style:italic;font-weight:400;src:local("Segoe UI Italic")}@font-face{font-family:"Segoe UI Webfont";font-style:italic;font-weight:700;src:local("Segoe UI Bold Italic")}a:focus{outline-offset:0}input[type="file"]:focus,input[type="radio"]:focus,input[type="checkbox"]:focus{outline-offset:0}.container,.container-fluid{width:100%}.IE_M8 select{background-color:#fff !important}body.IE_M7.rtl{font-family:"Segoe UI","Ebrima","Nirmala UI","Gadugi","Segoe Xbox Symbol","Segoe UI Symbol","Meiryo UI","Khmer UI","Tunga","Lao UI","Raavi","Iskoola Pota","Latha","Leelawadee","Microsoft YaHei UI","Microsoft JhengHei UI","Malgun Gothic","Estrangelo Edessa","Microsoft Himalaya","Microsoft New Tai Lue","Microsoft PhagsPa","Microsoft Tai Le","Microsoft Yi Baiti","Mongolian Baiti","MV Boli","Myanmar Text","Cambria Math"}.IE_M7 ul{margin-left:0}.IE_M7 input[type="button"],.IE_M7 input[type="submit"],.IE_M7 button,.IE_M7 input[type="button"].btn,.IE_M7 input[type="submit"].btn,.IE_M7 button.btn{line-height:142%;overflow:visible}.IE_M7 div.input-group{float:left;z-index:5000}.IE_M7 div.input-group button,.IE_M7 div.input-group button.btn{overflow:hidden}.IE_M7 div.input-group label.input-group-addon{width:auto;float:left}.IE_M7 div.input-group div.input-group-btn{float:left}.text-caption{margin:.5rem 0 .5rem 0;margin:8px 0 8px 0}select{padding-top:3px;padding-bottom:3px;padding-left:6px}.section{margin-top:0}body{direction:ltr}body #maincontent,body #c_content{margin:0 auto}body #maincontent{width:90%;min-height:400px}.ltr_override,.dirltr{direction:ltr;text-align:left}label.label-margin{margin-top:0;margin-bottom:8px}label.disabled{border:0;background-color:rgba(0,0,0,0.2) !important}label.focus-border-color.input-group-addon.has-error,label.input-group-addon.has-error{border-color:#e81123}.bold{font-weight:600}.modal-header h4.UserTitle,.wrap-content{word-wrap:break-word}label.placeholder{display:none !important}.text-secondary{color:rgba(0,0,0,0.7);font-size:13px}.agreement-layout{white-space:pre-wrap;word-wrap:break-word;overflow-x:hidden}body.cb{text-align:center}body.cb #ftrLogo{margin:0}body.cb #maincontent{max-width:384px;padding-left:12px;padding-right:12px}body.cb .text-13{font-size:.8125rem}body.cb .radio,body.cb .alert-error{text-align:left}body.cb div.placeholderContainer{width:100%;position:relative}body.cb div.placeholderInnerContainer{left:0;top:0;width:100%;position:absolute;z-index:5}body.cb div.placeholder{color:#666;background-color:transparent;margin-top:6px;margin-left:9px;white-space:nowrap;text-align:left;cursor:text}body.cb div.placeholder.ltr_override{margin-left:11px;margin-right:auto;text-align:left}body.cb .modalDialogOverlay{position:fixed;top:0;left:0;width:100%;height:100%;background-color:#000;opacity:.5;-ms-filter:"progid:DXImageTransform.Microsoft.Alpha(Opacity=50)";filter:alpha(opacity=50);z-index:50000}body.cb .modalDialogContainer{position:fixed;top:60px;max-width:356px;width:83%;width:calc(90% - 28px);max-height:80%;max-height:calc(100% - 80px);margin-left:-2px;margin-right:-2px;border:1px solid #0067b8;background-color:#fff;z-index:50001;overflow:auto;overflow-x:hidden}body.cb .modalDialogPadding{padding:11px 12px 12px 12px}body.cb .msa-helpCell{margin-bottom:24px;position:relative}body.cb .msa-helpSVG{float:left;position:absolute}body.cb .msa-helpCellDiv{overflow:hidden;margin-left:44px}body.cb #learnMoreLink,body.cb #signup,body.cb #idA_MSAccLearnMore{white-space:nowrap}body.cb .modalDialogContent{width:100%;position:relative;margin:0 auto}body.cb .img-centipede{width:100%;max-width:266px;height:auto}body.cb .align-center{margin-left:auto;margin-right:auto;display:inline-block}body.cb #icdHIP table{width:100% !important}body.cb input.hip{width:100% !important;padding:4px 8px !important;margin-top:12px !important}body.cb tr#wlspispHIPErrorContainer>td{width:100% !important}body.cb .hip-erroricon{display:none !important}.no-margin-top{margin-top:0}.no-margin-bottom{margin-bottom:0}.no-padding-left-right{padding-left:0;padding-right:0}.display-block{display:block}.display-inline-block{display:inline-block;white-space:nowrap}@media (max-width:319px){body.cb #ftr{margin-top:60px}}@media (min-height:800px){body.cb #ftr{margin-top:60px}}@media (max-height:400px){body.cb .modalDialogContainer{top:0;max-height:100%}}.progress{overflow:hidden}.progress>div{position:absolute;height:5px;width:5px;background-color:#0067b8;z-index:100;border-radius:50%;opacity:0}.progress>img{position:absolute}.progress-container{width:100%;position:relative;margin-top:48px;margin-bottom:24px;outline-color:transparent}.progress-container-tile{width:100%;position:relative;top:1px}.progress-container-tile-content{width:100%;position:relative;top:15px}.progress{position:absolute;top:0;left:0;height:5px;width:100%}@keyframes pulse{from{opacity:.4}}@-o-keyframes pulse{from{opacity:.4}}@-moz-keyframes pulse{from{opacity:.4}}@-webkit-keyframes pulse{from{opacity:.4}}.animate-pulse{-webkit-animation:pulse 1s infinite alternate;-moz-animation:pulse 1s infinite alternate;-o-animation:pulse 1s infinite alternate;animation:pulse 1s infinite alternate}.row.tile:focus .progress>div,.row.tile:focus:hover .progress>div,.row.tile:active .progress>div{background-color:#fff}.progress>div{-webkit-animation:progressDot 2s infinite;-moz-animation:progressDot 2s infinite;-o-animation:progressDot 2s infinite;animation:progressDot 2s infinite}.progress>div:nth-child(1){-webkit-animation-delay:.05s;-moz-animation-delay:.05s;-o-animation-delay:.05s;animation-delay:.05s}.progress>div:nth-child(2){-webkit-animation-delay:.2s;-moz-animation-delay:.2s;-o-animation-delay:.2s;animation-delay:.2s}.progress>div:nth-child(3){-webkit-animation-delay:.35s;-moz-animation-delay:.35s;-o-animation-delay:.35s;animation-delay:.35s}.progress>div:nth-child(4){-webkit-animation-delay:.5s;-moz-animation-delay:.5s;-o-animation-delay:.5s;animation-delay:.5s}.progress>div:nth-child(5){-webkit-animation-delay:.65s;-moz-animation-delay:.65s;-o-animation-delay:.65s;animation-delay:.65s}@-webkit-keyframes progressDot{0%,20%{left:0;-webkit-animation-timing-function:ease-out;opacity:0}25%{opacity:1}35%{left:45%;-webkit-animation-timing-function:linear}65%{left:60%;-webkit-animation-timing-function:ease-in}75%{opacity:1}80%,100%{left:100%;opacity:0}}@-moz-keyframes progressDot{0%,20%{left:0;-moz-animation-timing-function:ease-out;opacity:0}25%{opacity:1}35%{left:45%;-moz-animation-timing-function:linear}65%{left:60%;-moz-animation-timing-function:ease-in}75%{opacity:1}80%,100%{left:100%;opacity:0}}@-o-keyframes progressDot{0%,20%{left:0;-o-animation-timing-function:ease-out;opacity:0}25%{opacity:1}35%{left:45%;-o-animation-timing-function:linear}65%{left:60%;-o-animation-timing-function:ease-in}75%{opacity:1}80%,100%{left:100%;opacity:0}}@keyframes progressDot{0%,20%{left:0;animation-timing-function:ease-out;opacity:0}25%{opacity:1}35%{left:45%;animation-timing-function:linear}65%{left:60%;animation-timing-function:ease-in}75%{opacity:1}80%,100%{left:100%;opacity:0}}@keyframes fadeIn{from{opacity:0}to{opacity:1}}@-o-keyframes fadeIn{from{opacity:0}to{opacity:1}}@-moz-keyframes fadeIn{from{opacity:0}to{opacity:1}}@-webkit-keyframes fadeIn{from{opacity:0}to{opacity:1}}div.links a{margin-left:16px;margin-right:16px}div.links a.first{padding-left:0}body.cb{color:#1b1b1b;text-align:left}.fadeIn{-webkit-animation:fadeIn 1s;-moz-animation:fadeIn 1s;-o-animation:fadeIn 1s;animation:fadeIn 1s}.backgroundImage,.background-image{-webkit-animation:fadeIn 1s;-moz-animation:fadeIn 1s;-o-animation:fadeIn 1s;animation:fadeIn 1s}.background-logo{max-width:256px;max-height:36px;display:block;margin-left:auto;margin-right:auto;-webkit-animation:fadeIn 1s;-moz-animation:fadeIn 1s;-o-animation:fadeIn 1s;animation:fadeIn 1s}.background-logo-holder{height:36px;margin-bottom:24px}.background,.background-image-holder{background:#f2f2f2}.background,.background>div,.background-image-holder,.background-image,.background-image-small{position:fixed;top:0;width:100%;height:100%}.vertical-split-main-container .background,.vertical-split-main-container .background>div,.vertical-split-main-container .background-image-holder,.vertical-split-main-container .background-image,.vertical-split-main-container .background-image-small{position:absolute}.background>div,.background-image,.background-image-small{background-repeat:no-repeat,no-repeat;background-position:center center,center center;background-size:cover,cover}.background-overlay{background:rgba(0,0,0,0.55);filter:progid:DXImageTransform.Microsoft.gradient(GradientType=0, startColorstr='#8C000000', endColorstr='#8C000000');position:absolute;top:0;width:100%;height:100%}.footer{position:absolute;left:0;bottom:0;width:100%;overflow:visible;z-index:99;clear:both;min-height:28px}.footer.has-background,.footer.has-background.background-always-visible{background-color:rgba(0,0,0,0.6);filter:progid:DXImageTransform.Microsoft.gradient(GradientType=0, startColorstr='#99000000', endColorstr='#99000000')}div.footerNode{margin:0;float:right}.footer-content.footer-item{color:#000;font-size:12px;line-height:28px;white-space:nowrap;display:inline-block;margin-left:8px;margin-right:8px}.footer-content.footer-item.debug-item{text-decoration:none;letter-spacing:3px;line-height:22px;vertical-align:top;font-size:16px;font-weight:600}.footer-content.footer-item.has-background,.footer-content.footer-item.debug-item.has-background,.footer-content.footer-item.has-background.background-always-visible,.footer-content.footer-item.debug-item.has-background.background-always-visible{color:#fff}.outer{display:table;position:absolute;height:100%;width:100%}.top{display:table-cell;vertical-align:top}.middle{display:table-cell;vertical-align:middle}.debug-details-banner{width:calc(100% - 40px);padding:44px;margin-bottom:28px;position:relative;margin-left:auto;margin-right:auto;color:#1b1b1b;background-color:#fff;padding:24px 44px;font-size:13px;max-width:440px;min-width:320px;-webkit-box-shadow:0 2px 6px rgba(0,0,0,0.2);-moz-box-shadow:0 2px 6px rgba(0,0,0,0.2);box-shadow:0 2px 6px rgba(0,0,0,0.2)}.debug-details-banner .table-cell:first-child{width:100%}.debug-details-banner .override-ltr{text-align:left}.debug-details-banner .debug-details-header{margin-bottom:10px}.debug-details-banner .debug-details-heading-text{font-size:15px}.debug-details-banner .debug-trace-section{margin-top:10px}.debug-details-banner .debug-details-notification{margin-left:5px;color:#107c10}.vertical-split-main-container .debug-details-banner{padding-left:14px;padding-right:14px;table-layout:auto}.inner,.sign-in-box{margin-left:auto;margin-right:auto;position:relative;max-width:440px;width:calc(100% - 40px);padding:44px;margin-bottom:28px;background-color:#fff;-webkit-box-shadow:0 2px 6px rgba(0,0,0,0.2);-moz-box-shadow:0 2px 6px rgba(0,0,0,0.2);box-shadow:0 2px 6px rgba(0,0,0,0.2);min-width:320px;min-height:338px;overflow:hidden}.inner.transparent-lightbox,.sign-in-box.transparent-lightbox{background-color:rgba(255,255,255,0.65)}.inner.has-popup,.sign-in-box.has-popup{margin-bottom:20px}a:hover{text-decoration:underline}.promoted-fed-cred-box{margin-left:auto;margin-right:auto;position:relative;max-width:440px;width:calc(100% - 40px);padding:44px;margin-bottom:28px;line-height:16px;min-width:320px;padding:0}.promoted-fed-cred-box>*{word-wrap:break-word}.promoted-fed-cred-content{background-color:#fff;-webkit-box-shadow:0 2px 6px rgba(0,0,0,0.2);-moz-box-shadow:0 2px 6px rgba(0,0,0,0.2);box-shadow:0 2px 6px rgba(0,0,0,0.2);padding-left:44px;padding-right:44px}.promoted-fed-cred-content.transparent-lightbox{background-color:rgba(255,255,255,0.65)}.promoted-fed-cred-content .row.tile .table{padding-top:8px;padding-bottom:8px}.new-session-popup-v2sso{margin-left:auto;margin-right:auto;position:relative;max-width:440px;width:calc(100% - 40px);padding:44px;margin-bottom:28px;background-color:#fff;-webkit-box-shadow:0 2px 6px rgba(0,0,0,0.2);-moz-box-shadow:0 2px 6px rgba(0,0,0,0.2);box-shadow:0 2px 6px rgba(0,0,0,0.2);line-height:16px;min-width:320px;padding-top:24px;padding-bottom:24px}.new-session-popup-v2sso.transparent-lightbox{background-color:rgba(255,255,255,0.65)}.new-session-popup-v2sso>*{word-wrap:break-word}.template-section{display:table-row}.template-section.main-section{height:100%}.template-header-container{display:table-cell;position:absolute;width:100%}.header{width:100%;height:48px;padding:12px 24px;box-shadow:0 2px 6px rgba(0,0,0,0.2)}.header-logo{max-height:24px;max-width:150px}.has-header{padding-top:48px}.template-main-container{display:table-cell}.lightbox-bottom-margin-debug{margin-bottom:28px}.vertical-split-main-container{padding-bottom:28px}.vertical-split-main-section{display:table;height:100%;width:100%}.vertical-split-main-section .boilerplate-text,.vertical-split-main-section .boilerplate-text.transparent-lightbox{background-color:transparent}.vertical-lightbox-container{width:500px}.vertical-lightbox-container .sign-in-box{margin:20px auto}.vertical-lightbox-container .background-logo-holder{padding:0 44px;margin-top:44px}.vertical-split-content{box-shadow:none;margin-bottom:0;min-width:500px}.vertical-split-content .boilerplate-text{margin-bottom:0}.vertical-split-background-image-container{display:table-cell;position:relative;height:100%}.wide{max-width:640px}pre{font-family:inherit}.pre-wrap-format{white-space:pre-wrap;word-wrap:break-word;overflow-x:hidden}.text-input,input[type="color"],input[type="date"],input[type="datetime"],input[type="datetime-local"],input[type="email"],input[type="month"],input[type="number"],input[type="password"],input[type="search"],input[type="tel"],input[type="text"],input[type="time"],input[type="url"],input[type="week"],textarea,select{padding:6px 10px;border-width:1px;border-color:#666;border-color:rgba(0,0,0,0.6);height:36px;outline:none;border-radius:0;-webkit-border-radius:0;background-color:transparent}.text-input-hover,input[type="color"]:hover,input[type="date"]:hover,input[type="datetime"]:hover,input[type="datetime-local"]:hover,input[type="email"]:hover,input[type="month"]:hover,input[type="number"]:hover,input[type="password"]:hover,input[type="search"]:hover,input[type="tel"]:hover,input[type="text"]:hover,input[type="time"]:hover,input[type="url"]:hover,input[type="week"]:hover,textarea:hover,select:hover{border-color:#323232;border-color:rgba(0,0,0,0.8)}.text-input-focus,input[type="color"]:focus,input[type="date"]:focus,input[type="datetime"]:focus,input[type="datetime-local"]:focus,input[type="email"]:focus,input[type="month"]:focus,input[type="number"]:focus,input[type="password"]:focus,input[type="search"]:focus,input[type="tel"]:focus,input[type="text"]:focus,input[type="time"]:focus,input[type="url"]:focus,input[type="week"]:focus,textarea:focus,select:focus{border-color:#0067b8;background-color:transparent}.text-input-has-error-focus,input[type="color"].has-error:focus,input[type="date"].has-error:focus,input[type="datetime"].has-error:focus,input[type="datetime-local"].has-error:focus,input[type="email"].has-error:focus,input[type="month"].has-error:focus,input[type="number"].has-error:focus,input[type="password"].has-error:focus,input[type="search"].has-error:focus,input[type="tel"].has-error:focus,input[type="text"].has-error:focus,input[type="time"].has-error:focus,input[type="url"].has-error:focus,input[type="week"].has-error:focus,textarea.has-error:focus,select.has-error:focus{border-color:#e81123}body.cb div.placeholder{margin-top:8px;margin-left:0}.btn,button,input[type='button'],input[type='submit'],input[type='reset']{min-height:32px;border:none;background-color:#ccc;background-color:rgba(0,0,0,0.2);min-width:108px;line-height:normal}.btn-hover,.btn:hover,button:hover,input[type="button"]:hover,input[type="submit"]:hover,input[type="reset"]:hover{background-color:#b2b2b2;background-color:rgba(0,0,0,0.3)}.btn-focus,.btn:focus,button:focus,input[type="button"]:focus,input[type="submit"]:focus,input[type="reset"]:focus{background-color:#b2b2b2;background-color:rgba(0,0,0,0.3);text-decoration:underline;outline:2px solid #000}.btn.btn-primary,button.btn-primary,input[type="button"].btn-primary,input[type="submit"].btn-primary,input[type="reset"].btn-primary{border-color:#0067b8;background-color:#0067b8}.btn.btn-primary-hover,.btn.btn-primary:hover,button.btn-primary:hover,input[type="button"].btn-primary:hover,input[type="submit"].btn-primary:hover,input[type="reset"].btn-primary:hover{background-color:#005da6}.btn.btn-primary-focus,.btn.btn-primary:focus,button.btn-primary:focus,input[type="button"].btn-primary:focus,input[type="submit"].btn-primary:focus,input[type="reset"].btn-primary:focus{background-color:#005da6;text-decoration:underline;outline:2px solid #000}.btn-active,.btn:active,button:active,input[type="button"]:active,input[type="submit"]:active,input[type="reset"]:active,.btn.btn-primary-active,.btn.btn-primary:active,button.btn-primary:active,input[type="button"].btn-primary:active,input[type="submit"].btn-primary:active,input[type="reset"].btn-primary:active{outline:none;text-decoration:none;-ms-transform:scale(.98);-webkit-transform:scale(.98);transform:scale(.98)}.button.secondary{display:inline-block;min-width:100px;padding:4px 12px 4px 12px;margin-top:4px;margin-bottom:4px;position:relative;max-width:100%;text-align:center;white-space:nowrap;overflow:hidden;vertical-align:middle;text-overflow:ellipsis;touch-action:manipulation;color:#000;border-style:solid;border-width:2px;border-color:transparent;min-height:32px;border:none;background-color:#ccc;background-color:rgba(0,0,0,0.2);min-width:108px;line-height:normal;margin-top:0;margin-bottom:0;display:block;width:100%}.button.secondary:hover{background-color:#b2b2b2;background-color:rgba(0,0,0,0.3)}.button.secondary:focus{background-color:#b2b2b2;background-color:rgba(0,0,0,0.3);text-decoration:underline;outline:2px solid #000}.button.secondary:active{outline:none;text-decoration:none;-ms-transform:scale(.98);-webkit-transform:scale(.98);transform:scale(.98)}.button.primary{color:#fff;border-color:#0067b8;background-color:#0067b8;display:block;width:100%}.button.primary:hover{background-color:#005da6}.button.primary:focus{background-color:#005da6;text-decoration:underline;outline:2px solid #000}.button.primary:active{outline:none;text-decoration:none;-ms-transform:scale(.98);-webkit-transform:scale(.98);transform:scale(.98)}.logo{max-width:256px;height:24px}.identityBanner{height:24px;background:#fff;margin-top:16px;margin-bottom:-4px}.identity{line-height:24px;white-space:nowrap;overflow:hidden;text-overflow:ellipsis}.backButton{min-height:24px;width:24px;min-width:24px;float:left;padding:0;background-color:#fff;border-width:0;border-radius:12px;margin-right:2px}.backButton:hover{background-color:#e6e6e6;background-color:rgba(0,0,0,0.1)}.backButton:hover:focus{background-color:#ccc;background-color:rgba(0,0,0,0.2)}.backButton:active{background-color:#b3b3b3;background-color:rgba(0,0,0,0.3)}.backButton:focus{background-color:#e6e6e6;background-color:rgba(0,0,0,0.1)}.boilerplate-text{background-color:#f2f2f2;padding:24px 44px 36px 44px;margin:76px -44px -44px -44px}.boilerplate-text.transparent-lightbox{background-color:rgba(242,242,242,0.2)}.boilerplate-text>p:first-child{margin-top:0}.boilerplate-text>p:last-child{margin-bottom:0}.tile-container,.relative{position:relative}.table{width:100%;display:table;table-layout:fixed}.table .table-row{display:table-row}.table .table-cell{display:table-cell;vertical-align:middle}.row{margin-left:0;margin-right:0}.row.tile{margin-bottom:0;outline:none;color:inherit;display:block;margin-left:-44px;margin-right:-44px}.row.tile:not(.no-pick){cursor:pointer}.row.tile:not(.no-pick):hover{background-color:#e6e6e6;background-color:rgba(0,0,0,0.1);color:inherit}.row.tile:not(.no-pick):active{background-color:#b3b3b3;background-color:rgba(0,0,0,0.3);color:inherit}.row.tile .help-button{position:absolute;top:35%;right:0;margin-left:-11px;margin-right:-11px}.row.tile .content{line-height:16px;padding-left:12px;padding-right:12px}.row.tile .content>*{word-wrap:break-word}.row.tile .tile-menu{width:23px}.row.tile .table{padding:12px 44px}.row.tile .table:focus{outline:#000 dashed 1px;background:#ccc;background:rgba(0,0,0,0.1)}.row.tile .table[role=listitem]{display:table;margin-left:0}.row.tile .table-cell:first-child+.table-cell{width:100%}.tile-img{position:relative;width:48px;height:48px}.tile-img.medium{width:32px;height:32px}.tile-img.small{width:24px;height:24px;float:left;margin-right:8px}.tile-img .tile-badge{position:absolute;right:0;bottom:0}h3,.text-body,p{padding:0;margin-top:16px;margin-bottom:12px}.form-group{margin-bottom:16px}.form-group label{margin-top:0;margin-bottom:0}.btn,button,input[type='button'],input[type='submit'],input[type='reset']{margin-top:0;margin-bottom:0}.col-xs-12.secondary{padding-right:4px}.col-xs-12.primary{padding-left:4px}.no-margin{margin:0}.no-margin-bottom{margin-bottom:0}.no-margin-top-bottom{margin-top:0;margin-bottom:0}.no-padding-top-bottom{padding-top:0;padding-bottom:0}.overflow-hidden{overflow:hidden}.menu-dots{padding:24px 0;position:absolute;right:0;top:2px}.menu-dots>div{padding:0 5px}.menu-dots>div:focus{outline:#000 dashed 1px;background:none}.menu{position:absolute;background-color:#fff;border:1px solid #e6e6e6;border:1px solid rgba(0,0,0,0.1);background-clip:padding-box;z-index:2;top:0;right:10px;width:160px}.menu li{margin:0}.menu li a{display:block;padding:11px 12px 13px;background-color:#f2f2f2;background-color:rgba(0,0,0,0.05);outline:none;color:inherit;cursor:pointer}.menu li a:focus{outline:#000 dashed 1px;background-color:#e6e6e6;background-color:rgba(0,0,0,0.1)}.menu li a:hover{background-color:#e6e6e6;background-color:rgba(0,0,0,0.1)}.menu li a:active{background-color:#b3b3b3;background-color:rgba(0,0,0,0.3)}.moveOffScreen{position:fixed;bottom:0;right:0;height:0 !important;width:0 !important;overflow:hidden;opacity:0;filter:alpha(opacity=0)}.largePadding{padding:40px}.displaySign{text-align:center;font-size:2.5rem;margin-top:16px;margin-bottom:16px}.banner-logo{max-height:36px}.dialog-outer{display:table;position:absolute;height:100%;width:100%;z-index:100;background:rgba(0,0,0,0.55);filter:progid:DXImageTransform.Microsoft.gradient(GradientType=0, startColorstr='#8C000000', endColorstr='#8C000000')}.dialog-outer .dialog-middle{display:table-cell;vertical-align:middle}.dialog-outer .dialog-middle .dialog-inner{position:relative;margin-left:auto;margin-right:auto;padding:28px;max-width:562px;background-color:#fff;border:2px #4f74b2 solid;z-index:100}.dialog-outer .dialog-middle .dialog-inner .dialog-content{position:relative}.dialog-outer .dialog-middle .dialog-inner .dialog-content .text-title,.dialog-outer .dialog-middle .dialog-inner .dialog-content .text-title p{font-size:18px;font-weight:400;padding:0;margin-top:0;margin-bottom:12px}.appInfoPopOver{position:absolute;font-size:13px;margin-left:auto;margin-right:auto;left:0;right:0;width:404px;padding:22px;border:2px solid #e6e6e6;background-color:#fff;z-index:100;-webkit-box-shadow:0 2px 6px rgba(0,0,0,0.2);-moz-box-shadow:0 2px 6px rgba(0,0,0,0.2);box-shadow:0 2px 6px rgba(0,0,0,0.2)}.appInfoPopOver .title{font-weight:600;font-weight:bold;font-size:16px}.appInfoPopOver .table{display:inline-grid;max-height:160px;max-width:95%;margin-top:8px;float:right;overflow-y:auto}.appInfoPopOver .table .row{display:table-row;padding-top:8px;word-break:break-all}.appInfoPopOver .table .label{font-weight:600;font-weight:bold}.appInfoPopOver .button{float:right;padding-right:2px;padding-left:2px}.app-info-status{font-size:11px}.app-info-badge{position:relative;bottom:1px;height:11px;width:11px}.appInfoVerifiedPublisherStatus{color:#0067b8}.no-outline{outline:none}.no-wrap{white-space:nowrap}.form-group-last-child{margin-bottom:20px}.position-buttons>div:first-child{display:inline-block;width:100%;margin-bottom:36px}ul{margin:0}.scope{margin-bottom:8px;margin-top:8px}.scope .text-caption{margin:8px 0 0 28px}.scope .toggle{cursor:pointer}.scope .toggle .chevron{width:20px;float:left}.scope .toggle .label{margin:0;margin-left:8px}.button-container{position:absolute;bottom:0;right:0;text-align:right}.agreement-buttons div.button-container{position:relative;bottom:auto;right:auto;text-align:right}.move-buttons div.button-container{bottom:auto}.help-button{cursor:pointer}@media (max-width:600px),(max-height:366px){.background,.background>div,.background-image-holder,.background-image,.background-image-small,.vertical-split-background-image-container{display:none}.background.app,.background.app>div,.background-image-holder.app,.background-image-holder.app .background-image,.background-image-holder.app .background-image-small{display:inherit}.background-logo-holder{margin-top:24px}.middle{vertical-align:top}.middle.app{padding-left:8px;padding-right:8px}.vertical-lightbox-container .sign-in-box{margin:auto}.inner,.sign-in-box,.vertical-split-content{padding:24px;margin-top:0;margin-bottom:88px;width:100%;width:100vw;-webkit-box-shadow:none;-moz-box-shadow:none;box-shadow:none;border:0}.inner.app,.sign-in-box.app,.vertical-split-content.app{min-width:304px;width:calc(100vw - 16px)}.inner.app,.sign-in-box.app,.vertical-split-content.app{-webkit-box-shadow:0 2px 6px rgba(0,0,0,0.2);-moz-box-shadow:0 2px 6px rgba(0,0,0,0.2);box-shadow:0 2px 6px rgba(0,0,0,0.2);border:1px solid #818c94;border:1px solid rgba(0,0,0,0.4)}.inner.has-popup,.sign-in-box.has-popup,.vertical-split-content.has-popup{padding-bottom:0;margin-bottom:0}.inner.has-popup.app,.sign-in-box.has-popup.app,.vertical-split-content.has-popup.app{padding-bottom:24px;margin-bottom:20px}.template-header-container{z-index:2}.vertical-split-content{min-width:initial}.lightbox-bottom-margin-debug{margin-bottom:28px}.promoted-fed-cred-box{padding:24px;margin-top:0;margin-bottom:88px;width:100%;width:100vw;padding:0 24px}.promoted-fed-cred-box.app{min-width:304px;width:calc(100vw - 16px)}.promoted-fed-cred-box.app{padding:0}.promoted-fed-cred-content{-webkit-box-shadow:none;-moz-box-shadow:none;box-shadow:none;border:0;padding-left:24px;padding-right:24px;border:1px solid #818c94;border:1px solid rgba(0,0,0,0.4)}.promoted-fed-cred-content.app{-webkit-box-shadow:0 2px 6px rgba(0,0,0,0.2);-moz-box-shadow:0 2px 6px rgba(0,0,0,0.2);box-shadow:0 2px 6px rgba(0,0,0,0.2);border:1px solid #818c94;border:1px solid rgba(0,0,0,0.4)}.new-session-popup-v2sso{padding:24px;margin-top:0;margin-bottom:88px;width:100%;width:100vw}.new-session-popup-v2sso.app{min-width:304px;width:calc(100vw - 16px)}.row.tile{margin-left:-24px;margin-right:-24px}.row.tile .table{padding:12px 24px}.row.tile .help-button{margin-left:-6px;margin-right:-6px}.wide{max-width:440px}.footer,.footer.has-background{background-color:#fff;filter:none}div.footerNode{float:left;margin:0 24px !important}.footer-content.footer-item,.footer-content.footer-item.has-background,.footer-content.footer-item.debug-item.has-background{color:#747474}.boilerplate-text{padding:20px;margin-top:56px;margin-right:0;margin-bottom:0;margin-left:0}.vertical-split-main-section .boilerplate-text.transparent-lightbox{background-color:rgba(242,242,242,0.2)}.debug-details-banner,.vertical-split-main-container .debug-details-banner{background-color:#f2f2f2;padding:24px;-webkit-box-shadow:none;-moz-box-shadow:none;box-shadow:none;table-layout:auto}.appInfoPopOver{margin-left:auto;margin-right:auto;left:0;right:0;width:360px;background-color:#fff;-webkit-box-shadow:0 2px 6px rgba(0,0,0,0.2);-moz-box-shadow:0 2px 6px rgba(0,0,0,0.2);box-shadow:0 2px 6px rgba(0,0,0,0.2)}.appInfoPopOver .table{max-height:122px}.footerSignout,.footerSignout>a{color:#262626 !important}.move-buttons div.button-container{bottom:auto}}.page-description-with-icon{margin-left:34px}.bold{font-weight:bold}.stack-trace{color:black;font-family:"Consolas",monospace;overflow:auto}.stack-trace p{margin-top:15px}.stack-trace ul{list-style:none}.stack-trace ul li{margin-top:15px}.stack-trace fieldset{color:black;border:0;border-top:1px solid white;margin-bottom:50px}.stack-trace hr{border:none;border-top:solid 1px white}.linked-in-consent{position:relative}.linked-in-consent img{width:100%}.linked-in-consent .display-name{width:100%;text-align:center;bottom:10px;font-weight:600;position:absolute}.inline-block{display:inline-block}.text-input,input[type="color"],input[type="date"],input[type="datetime"],input[type="datetime-local"],input[type="email"],input[type="month"],input[type="number"],input[type="password"],input[type="search"],input[type="tel"],input[type="text"],input[type="time"],input[type="url"],input[type="week"],textarea{border-top-width:0;border-left-width:0;border-right-width:0;padding-left:0}.input.text-box{padding:4px 8px;border-style:solid;border-width:2px;border-color:rgba(0,0,0,0.4);background-color:rgba(255,255,255,0.4);height:32px;height:2rem;padding:6px 10px;border-width:1px;border-color:#666;border-color:rgba(0,0,0,0.6);height:36px;outline:none;border-radius:0;-webkit-border-radius:0;background-color:transparent;border-top-width:0;border-left-width:0;border-right-width:0;padding-left:0}.input.text-box:focus{background-color:#fff;border-color:#0067b8;background-color:transparent}.input.text-box:hover{border-color:#323232;border-color:rgba(0,0,0,0.8)}.input.text-box::-moz-placeholder{color:rgba(0,0,0,0.6);opacity:1}.input.text-box:-ms-input-placeholder{color:rgba(0,0,0,0.6)}.input.text-box::-webkit-input-placeholder{color:rgba(0,0,0,0.6)}.input.text-box.has-error{border-color:#e81123}.input.text-box.has-error:focus{border-color:#e81123}[disabled].input.text-box,[readonly].input.text-box,fieldset[disabled] .input.text-box{border-color:#ccc !important;background-color:rgba(0,0,0,0.2) !important;color:rgba(0,0,0,0.2) !important}body.cb input[type="text"].hip{border-width:0 !important;border-bottom-width:1px !important;padding:6px 0 !important}textarea.brickwall{height:42px;width:100%;resize:vertical}.textarea-placeholder{position:relative}select{border-top-width:0;border-left-width:0;border-right-width:0;padding:6px 0}select:hover{background:transparent}select:focus{background:#eee}.text-title,.text-title p{color:#1b1b1b;font-size:1.5rem;font-weight:600;padding:0;margin-top:16px;margin-bottom:12px;font-family:"Segoe UI","Helvetica Neue","Lucida Grande","Roboto","Ebrima","Nirmala UI","Gadugi","Segoe Xbox Symbol","Segoe UI Symbol","Meiryo UI","Khmer UI","Tunga","Lao UI","Raavi","Iskoola Pota","Latha","Leelawadee","Microsoft YaHei UI","Microsoft JhengHei UI","Malgun Gothic","Estrangelo Edessa","Microsoft Himalaya","Microsoft New Tai Lue","Microsoft PhagsPa","Microsoft Tai Le","Microsoft Yi Baiti","Mongolian Baiti","MV Boli","Myanmar Text","Cambria Math"}.text-title:lang(zh-cn),.text-title:lang(zh-tw),.text-title p:lang(zh-cn),.text-title p:lang(zh-tw){font-family:"Segoe UI","Helvetica Neue","Lucida Grande","Roboto","Ebrima","Nirmala UI","Gadugi","Segoe Xbox Symbol","Segoe UI Symbol","Khmer UI","Tunga","Lao UI","Raavi","Iskoola Pota","Latha","Leelawadee","Microsoft YaHei UI","Microsoft JhengHei UI","Malgun Gothic","Estrangelo Edessa","Microsoft Himalaya","Microsoft New Tai Lue","Microsoft PhagsPa","Microsoft Tai Le","Microsoft Yi Baiti","Mongolian Baiti","MV Boli","Myanmar Text","Cambria Math"}.title{margin-bottom:20px;margin-top:20px;margin-bottom:1.25rem;margin-top:1.25rem;font-size:24px;line-height:28px;font-weight:300;line-height:1.75rem;padding-bottom:2.3632px;padding-top:2.3632px;color:#1b1b1b;font-size:1.5rem;font-weight:600;padding:0;margin-top:16px;margin-bottom:12px;font-family:"Segoe UI","Helvetica Neue","Lucida Grande","Roboto","Ebrima","Nirmala UI","Gadugi","Segoe Xbox Symbol","Segoe UI Symbol","Meiryo UI","Khmer UI","Tunga","Lao UI","Raavi","Iskoola Pota","Latha","Leelawadee","Microsoft YaHei UI","Microsoft JhengHei UI","Malgun Gothic","Estrangelo Edessa","Microsoft Himalaya","Microsoft New Tai Lue","Microsoft PhagsPa","Microsoft Tai Le","Microsoft Yi Baiti","Mongolian Baiti","MV Boli","Myanmar Text","Cambria Math"}.app-name{margin-bottom:20px;margin-top:20px;margin-bottom:1.25rem;margin-top:1.25rem;font-size:24px;line-height:28px;font-weight:300;line-height:1.75rem;padding-bottom:2.3632px;padding-top:2.3632px;color:#1b1b1b;font-size:1.5rem;font-weight:600;padding:0;margin-top:16px;margin-bottom:12px;font-family:"Segoe UI","Helvetica Neue","Lucida Grande","Roboto","Ebrima","Nirmala UI","Gadugi","Segoe Xbox Symbol","Segoe UI Symbol","Meiryo UI","Khmer UI","Tunga","Lao UI","Raavi","Iskoola Pota","Latha","Leelawadee","Microsoft YaHei UI","Microsoft JhengHei UI","Malgun Gothic","Estrangelo Edessa","Microsoft Himalaya","Microsoft New Tai Lue","Microsoft PhagsPa","Microsoft Tai Le","Microsoft Yi Baiti","Mongolian Baiti","MV Boli","Myanmar Text","Cambria Math";margin-top:0;margin-bottom:0;font-size:.9375rem;line-height:1.25rem}.text-title p,.custom-description p{margin-top:0;margin-bottom:0}.secondary-text{font-size:.85rem}.alert{margin-bottom:0;margin-top:0}.alert.alert-margin-bottom{margin-bottom:12px}.error{color:#e81123}.text-base{font-size:.85rem}.dropdown-toggle.membernamePrefillSelect{padding:0;border-width:1px;height:36px;outline:none;border-left:none;border-right:none;border-top:none;border-color:#666;background-color:transparent}.dropdown-toggle.membernamePrefillSelect:active{transform:none;border:1px solid #0078d7;border-top-width:0;border-left-width:0;border-right-width:0}.dropdown-toggle.membernamePrefillSelect:focus{transform:none;border:1px solid #0078d7;border-top-width:0;border-left-width:0;border-right-width:0;background-color:#eee !important}.dropdown-toggle.membernamePrefillSelect:hover,.open .dropdown-toggle.membernamePrefillSelect{border:1px solid #0078d7;border-top-width:0;border-left-width:0;border-right-width:0;background-color:#eee !important}.dropdown-toggle.membernamePrefillSelect.has-error,.dropdown-toggle.membernamePrefillSelect.has-error:hover{border-width:1px;border-color:#e81123}.outlookEmailLabel{border-left:none;border-right:none;border-top:none;padding-right:0}.subtitle{font-size:.8125rem;font-weight:400;line-height:20px}.section{margin-bottom:0}.radio{margin-top:20px;margin-bottom:20px}div[role=radiogroup]>div[class="radio"]:first-child{margin-top:0}.form-group-top{margin-top:16px}div[role=listitem],.list-item{margin-left:20px;display:list-item;list-style:circle;list-style-type:disc}.phoneCountryCode{position:absolute;width:100%;left:0;padding:6px 4px;height:36px;border-bottom-width:1px;border-color:#666;border-color:rgba(0,0,0,0.6);border-bottom-style:solid}.phoneCountryCode.hasFocus{background-color:#eee;border:1px solid #eee;border-bottom-color:#0067b8;margin:-1px -1px 0 -1px}.phoneCountryCode.has-error{border-color:#e81123}.phoneCountry{left:0;opacity:0;cursor:pointer;-ms-filter:"progid:DXImageTransform.Microsoft.Alpha(Opacity=0)"}.phoneCountryBox{display:inline-block}.downArrow{position:absolute;right:-6px;padding:6px 0;height:36px}.phoneNumber{display:inline-block;padding-left:16px}.row-app-info{table-layout:auto}.row-app-info .logo{display:table-cell;width:32px;height:32px;padding-right:8px}.row-app-info .logo img{width:inherit;height:inherit}.pagination-view{position:relative;min-height:206px}.pagination-view.has-identity-banner{min-height:170px}.zero-opacity{opacity:0}.lightbox-cover{background-color:white;opacity:0;filter:alpha(opacity=0);z-index:-1;height:100%;width:100%;position:absolute;top:0;left:0;transition:all .5s ease-in;-o-transition:all .5s ease-in;-moz-transition:all .5s ease-in;-webkit-transition:all .5s ease-in}.lightbox-cover.disable-lightbox{z-index:10;opacity:.5;filter:alpha(opacity=0)}.ordered-list{padding-left:15px}.checkmark-badge{position:relative;bottom:1px;height:15px;width:15px}.consent-badge{position:relative;bottom:1px;height:15px;width:15px}.richtext-warning{margin-top:20px;margin-bottom:10px}.richtext-description{margin-top:10px;margin-bottom:10px}@media (-ms-high-contrast){.btn,.button,button,input[type='button'],input[type='submit'],input[type='reset'],.btn.btn-google{-ms-high-contrast-adjust:none;outline:1px solid windowText;border:1px solid window;background-color:window;color:windowText;text-decoration:none}.btn:hover,.button:hover,button:hover,input[type='button']:hover,input[type='submit']:hover,input[type='reset']:hover,.btn.btn-google:hover{outline:1px solid windowText;border:1px solid highlight;background-color:highlight;color:highlightText;text-decoration:none}.btn:hover:focus,.button:hover:focus,button:hover:focus,input[type='button']:hover:focus,input[type='submit']:hover:focus,input[type='reset']:hover:focus,.btn.btn-google:hover:focus{outline:1px solid windowText;border:1px solid windowText;background-color:highlight;color:highlightText;text-decoration:underline}.btn:focus,.button:focus,button:focus,input[type='button']:focus,input[type='submit']:focus,input[type='reset']:focus,.btn.btn-google:focus{outline:1px solid windowText;border:1px solid windowText;background-color:window;color:windowText;text-decoration:underline}.btn.btn-primary,.button.btn-primary,button.btn-primary,input[type='button'].btn-primary,input[type='submit'].btn-primary,input[type='reset'].btn-primary,.btn.btn-google.btn-primary,.btn.primary,.button.primary,button.primary,input[type='button'].primary,input[type='submit'].primary,input[type='reset'].primary,.btn.btn-google.primary,.btn.secondary,.button.secondary,button.secondary,input[type='button'].secondary,input[type='submit'].secondary,input[type='reset'].secondary,.btn.btn-google.secondary{outline:1px solid highlight;border:1px solid highlight;background-color:highlight;color:highlightText;text-decoration:none}.btn.btn-primary:hover,.button.btn-primary:hover,button.btn-primary:hover,input[type='button'].btn-primary:hover,input[type='submit'].btn-primary:hover,input[type='reset'].btn-primary:hover,.btn.btn-google.btn-primary:hover,.btn.primary:hover,.button.primary:hover,button.primary:hover,input[type='button'].primary:hover,input[type='submit'].primary:hover,input[type='reset'].primary:hover,.btn.btn-google.primary:hover,.btn.secondary:hover,.button.secondary:hover,button.secondary:hover,input[type='button'].secondary:hover,input[type='submit'].secondary:hover,input[type='reset'].secondary:hover,.btn.btn-google.secondary:hover{outline:1px solid highlight;border:1px solid window;background-color:window;color:highlight;text-decoration:none}.btn.btn-primary:hover:focus,.button.btn-primary:hover:focus,button.btn-primary:hover:focus,input[type='button'].btn-primary:hover:focus,input[type='submit'].btn-primary:hover:focus,input[type='reset'].btn-primary:hover:focus,.btn.btn-google.btn-primary:hover:focus,.btn.primary:hover:focus,.button.primary:hover:focus,button.primary:hover:focus,input[type='button'].primary:hover:focus,input[type='submit'].primary:hover:focus,input[type='reset'].primary:hover:focus,.btn.btn-google.primary:hover:focus,.btn.secondary:hover:focus,.button.secondary:hover:focus,button.secondary:hover:focus,input[type='button'].secondary:hover:focus,input[type='submit'].secondary:hover:focus,input[type='reset'].secondary:hover:focus,.btn.btn-google.secondary:hover:focus{outline:1px solid windowText;border:1px solid window;background-color:window;color:highlight;text-decoration:underline}.btn.btn-primary:focus,.button.btn-primary:focus,button.btn-primary:focus,input[type='button'].btn-primary:focus,input[type='submit'].btn-primary:focus,input[type='reset'].btn-primary:focus,.btn.btn-google.btn-primary:focus,.btn.primary:focus,.button.primary:focus,button.primary:focus,input[type='button'].primary:focus,input[type='submit'].primary:focus,input[type='reset'].primary:focus,.btn.btn-google.primary:focus,.btn.secondary:focus,.button.secondary:focus,button.secondary:focus,input[type='button'].secondary:focus,input[type='submit'].secondary:focus,input[type='reset'].secondary:focus,.btn.btn-google.secondary:focus{outline:1px solid windowText;border:1px solid window;background-color:highlight;color:highlightText;text-decoration:underline}.backButton{outline:none;border:1px solid window;background-color:window;color:windowText}.backButton:hover{outline:none;border:1px solid highlight;background-color:window;color:windowText}.backButton:hover:focus{outline:none;border:1px solid highlight;background-color:window;color:windowText}.backButton:focus,.backButton:active{outline:none;border:1px dashed highlight;background-color:window;color:windowText}}.cc-banner{position:relative;font-size:12px;display:table-row;height:2em}.cc-banner div,.cc-banner span,.cc-banner a,.cc-banner svg{margin:0;padding:0;text-decoration:none}.cc-banner .cc-v-center{display:inline;vertical-align:middle;line-height:2em}.cc-text>a{float:right}.cc-banner{color:#231f20;background:#f2f2f2;text-align:center;padding:0 1em;margin:0}.cc-banner>.cc-container{text-align:left;padding:.75em;display:inline-block;width:100%}@media (min-width:768px){.cc-banner{font-size:13px}}@media (min-width:1084px){.cc-banner{padding:0}.cc-banner>.cc-container{width:90%;max-width:1600px}}.cc-banner.active{display:block}.cc-banner .cc-icon{height:1.846em;width:1.846em}.cc-banner .cc-text{margin-left:.5em;margin-right:1.5em}.cc-banner .cc-link{color:#0067b8}.cc-banner .cc-link:hover,.cc-banner .cc-link:focus{text-decoration:underline}.cc-banner .cc-link:focus{outline:0;background:#dae6ef;background:content-box rgba(0,120,215,0.1)}.env-banner{display:table;max-width:200px;min-height:50px;max-height:100px;overflow:hidden;background:#0067b8;color:#fff;position:absolute;margin:10px;font-weight:bold;top:0;right:0;z-index:100}.env-banner-inner{display:table-cell;vertical-align:middle;padding:5px;text-align:left;direction:ltr}body a.env-banner-link{text-decoration:underline}.env-banner-link:hover,.env-banner-link:link,.env-banner-link:visited,.env-banner-link:visited:hover,.env-banner-link:link:hover,.env-banner-link:active,.env-banner-link:link:active,.env-banner-link:visited:active{color:#fff}.env-banner-text{display:inline-block;font-weight:normal}.fade-in-lightbox{animation:fadeIn .3s ease-in;-webkit-animation:fadeIn .3s ease-in;-moz-animation:fadeIn .3s ease-in;-ms-animation:fadeIn .3s ease-in;-o-animation:fadeIn .3s ease-in}.animate{animation-duration:.25s;-webkit-animation-duration:.25s;-moz-animation-duration:.25s;-ms-animation-duration:.25s;-o-animation-duration:.25s;animation-timing-function:cubic-bezier(.5, 0, .5, 1);-webkit-animation-timing-function:cubic-bezier(.5, 0, .5, 1);-moz-animation-timing-function:cubic-bezier(.5, 0, .5, 1);-ms-animation-timing-function:cubic-bezier(.5, 0, .5, 1);-o-animation-timing-function:cubic-bezier(.5, 0, .5, 1);animation-fill-mode:both;-webkit-animation-fill-mode:both;-moz-animation-fill-mode:both;-ms-animation-fill-mode:both;-o-animation-fill-mode:both;transition-property:left;-webkit-transition-property:left;-moz-transition-property:left;-ms-transition-property:left;-o-transition-property:left}html[dir=ltr] .animate.slide-out-next,html[dir=rtl] .animate.slide-out-back{animation-name:hide-to-left;-webkit-animation-name:hide-to-left;-moz-animation-name:hide-to-left;-ms-animation-name:hide-to-left;-o-animation-name:hide-to-left}html[dir=ltr] .animate.slide-in-next,html[dir=rtl] .animate.slide-in-back{animation-name:show-from-right;-webkit-animation-name:show-from-right;-moz-animation-name:show-from-right;-ms-animation-name:show-from-right;-o-animation-name:show-from-right}html[dir=ltr] .animate.slide-out-back,html[dir=rtl] .animate.slide-out-next{animation-name:hide-to-right;-webkit-animation-name:hide-to-right;-moz-animation-name:hide-to-right;-ms-animation-name:hide-to-right;-o-animation-name:hide-to-right}html[dir=ltr] .animate.slide-in-back,html[dir=rtl] .animate.slide-in-next{animation-name:show-from-left;-webkit-animation-name:show-from-left;-moz-animation-name:show-from-left;-ms-animation-name:show-from-left;-o-animation-name:show-from-left}@keyframes hide-to-left{from{left:0;opacity:1}to{left:-200px;opacity:0}}@keyframes show-from-right{from{left:200px;opacity:0}to{left:0;opacity:1}}@keyframes hide-to-right{from{left:0;opacity:1}to{left:200px;opacity:0}}@keyframes show-from-left{from{left:-200px;opacity:0}to{left:0;opacity:1}}@-webkit-keyframes hide-to-left{from{left:0;opacity:1}to{left:-200px;opacity:0}}@-webkit-keyframes show-from-right{from{left:200px;opacity:0}to{left:0;opacity:1}}@-webkit-keyframes hide-to-right{from{left:0;opacity:1}to{left:200px;opacity:0}}@-webkit-keyframes show-from-left{from{left:-200px;opacity:0}to{left:0;opacity:1}}@-moz-keyframes hide-to-left{from{left:0;opacity:1}to{left:-200px;opacity:0}}@-moz-keyframes show-from-right{from{left:200px;opacity:0}to{left:0;opacity:1}}@-moz-keyframes hide-to-right{from{left:0;opacity:1}to{left:200px;opacity:0}}@-moz-keyframes show-from-left{from{left:-200px;opacity:0}to{left:0;opacity:1}}@-ms-keyframes hide-to-left{from{left:0;opacity:1}to{left:-200px;opacity:0}}@-ms-keyframes show-from-right{from{left:200px;opacity:0}to{left:0;opacity:1}}@-ms-keyframes hide-to-right{from{left:0;opacity:1}to{left:200px;opacity:0}}@-ms-keyframes show-from-left{from{left:-200px;opacity:0}to{left:0;opacity:1}}@-o-keyframes hide-to-left{from{left:0;opacity:1}to{left:-200px;opacity:0}}@-o-keyframes show-from-right{from{left:200px;opacity:0}to{left:0;opacity:1}}@-o-keyframes hide-to-right{from{left:0;opacity:1}to{left:200px;opacity:0}}@-o-keyframes show-from-left{from{left:-200px;opacity:0}to{left:0;opacity:1}}
</style>

<script crossorigin="anonymous" src="https://aadcdn.msauth.net/shared/1.0/content/js/ConvergedError_Core_Fp2SeuOvpQmK4Gx5MIbdcw2.js" onerror='$Loader.On(this,true)' onload='$Loader.On(this)'></script>

    <script type="text/javascript">//<![CDATA[
!function(e){function o(t){if(n[t])return n[t].exports;var i=n[t]={exports:{},id:t,loaded:!1};return e[t].call(i.exports,i,i.exports,o),i.loaded=!0,i.exports}var n={};return o.m=e,o.c=n,o.p="",o(0)}([function(e,o,n){n(2);var t=n(1),i=n(6),r=n(5),a=i.ErrorDesc,s=i.ErrorTitle,d={};d[a.TroubleSigningIn]="Sorry, but we’re having trouble signing you in.",d[a.TroubleSigningOut]="Sorry, but we’re having trouble signing you out.",d[a.UpdateExpiredPwd_Err_OnPremSuccessCloudFail]="Your password was successfully updated, but our servers take a little time to catch up. Please try signing in again in a few minutes.",d[a.UpdateExpiredPwd_Err_ChangePasswordOnPrem]="Your organization doesn't allow you to update your password on this site. Please update it according to the method recommended by your organization, or ask your admin if you need help.",d[a.UpdateExpiredPwd_Err_ADAdminActionRequired]="We tried to update your password, but there's a problem with how your account is configured. Please contact your admin and provide the detailed error information. Unfortunately you won't be able to sign in until they fix your account.",d[a.Err_UnableToDownloadResources]="The browser is having problems downloading resources from the CDN (Content Delivery Network). Please check with your organization's system administrators to ensure that they have not blocked the resource url endpoint and that the files exists and are accessible.",d[a.Err_Corrupted_JSRuntime]="WARNING: Your browser appears to be loading unexpected scripts which are keeping this page from working correctly. This situation can happen when browser plugins try to put advertisements on the page. Try removing or disabling your browser plugin. If that doesn't help, you may be able to avoid the problem by using in-private browsing instead.",d[a.XtapAcceptMfaSettingNotConfigured]="The organization you're trying to reach needs to update their settings to let you sign in.";var _={};_[s.SignIn]="Sign in",_[s.PleaseWait]="You're all set—we just need a moment",_[s.ServerError]="Something went wrong.",_[s.WeCannotSignYouIn]="Can't sign you in",t.registerSource("str",function(e,o){var n=o.iViewId===i.PaginatedState.AdminConsentCustomerSolutionProviderError;if(e.CT_STR_Consent_Error_Header=n?"Need pre-consent":"Need admin approval",e.CT_STR_Consent_Error_Description=n?"Pre-consent is required to obtain tokens for this resource.":"{0} needs permission to access resources in your organization that only an admin can grant. Please ask an admin to grant permission to this app before you can use it.",e.CT_STR_Consent_Error_SignInAsAdmin="Have an admin account? Sign in with that account",e.CT_STR_Consent_Error_GoToCspDoc="Learn how delegated admin partners can authorize applications in customer tenants",e.CT_STR_Consent_Error_ReturnToApplication=n?"Return to the application":"Return to the application without granting consent",e.CT_STR_Consent_Error_SignInWithAnotherAccount="Sign in with another account",e.CT_STR_Consent_Error_ApprovalRequired_Header="Approval required",e.CT_STR_Consent_Error_ApprovalRequired_Description="This app requires your admin's approval to:",e.CT_STR_Consent_Error_RequestApproval_Button="Request approval",e.CT_STR_Consent_Error_Cancel_Button="Cancel",e.CT_STR_Consent_Error_RequestSent_Header=o.fIsNewAccessRequest?"Request sent":"Request pending",e.STR_Consent_CompanyName="This is a permission requested to access your data in {0}.",e.STR_Consent_PublishedByUnverified="unverified",e.STR_Consent_ApprovalJustification_Label="Enter justification for requesting this app",e.STR_Consent_ApprovalDesc_AriaLabel="Admin approval is required to access {0}. To request approval, please enter why you want this app.",e.STR_Consent_ReportSuspiciousApp_Title="Report suspicious app",e.STR_Consent_ReportSuspiciousApp_Warning="By reporting this app to Microsoft, this consent request will be terminated and no data will be shared with the developer.",e.STR_Consent_RSAOption_DontTrustTheApp="I don't trust this app",e.STR_Consent_RSAOptions_AppIsImpersonatingAnotherApp="I believe this app is impersonating another app",e.STR_Consent_RSAOption_AppIsMisusingUserData="I believe this app will misuse my data",e.STR_Consent_RSAOption_Other="Other",e.STR_Consent_Report="Report",e.STR_Consent_RiskyApp_ExternalLink="For details, please visit this site: {0}",e.STR_Consent_AppCertified_Tag="Microsoft 365 Certified",e.STR_Consent_AppCertified_Description="The application {0} is Microsoft 365 Certified.",e.CT_STR_Error_Desc=d[o.iErrorDesc],e.CT_STR_Error_Title=_[o.iErrorTitle],o.fIsOOBE&&(e.CT_Win10_STR_OfflineAccount="Offline account",e.CT_Win10_STR_Cancel="Cancel"),o.fIsBrickwallV2?(e.CT_STR_Consent_Error_RequestSent_Description="Your admin has been notified of your request to access this app. Once your admin reviews the request you will be notified via email.",e.CT_STR_Consent_Error_OkButton="Back to app"):(e.CT_STR_Consent_Error_RequestSent_Description=o.fIsNewAccessRequest?"Your admin has been notified of a request to access this app. Please check back here in the future to see if the request was approved.":"We've notified your admin of your request. Please check back here in the future to see if you were approved.",e.CT_STR_Consent_Error_OkButton="OK"),o.iViewId===i.PaginatedState.NotAllowedTenant)switch(e.CT_STR_NotAllowedTenant_OkButton="OK",e.CT_STR_NotAllowedTenant_Err_Title="You can't get there from here",e.STR_NotAllowedTenant_SignOut="Sign out to protect your account",o.iErrorCode){case i.ESTSErrorCodes.NotAllowedTenantBlockedTenant:e.CT_STR_NotAllowedTenant_Err_Desc="We are sorry, the resource you are trying to access is not available.";break;case i.ESTSErrorCodes.NotAllowedTenantBlockedBlackforestTenant:e.CT_STR_NotAllowedTenant_Err_Desc="It looks like you're trying to access a resource in Microsoft Cloud Deutschland. This organization is in the process of being decommissioned and needs to be re-created in a German datacenter region. Please see aka.ms/office365germanymove for more information, or contact deblockres@microsoft.com for assistance.";break;case i.ESTSErrorCodes.NotAllowedTenantRestrictedTenant:e.CT_STR_NotAllowedTenant_Err_Title="Your network administrator has blocked access",e.CT_STR_NotAllowedTenant_Err_Desc="External access is blocked by policy. Contact your IT department for access.",e.STR_NotAllowedTenant_ReadMoreAboutTenantRes="Read more about tenant restrictions";break;case i.ESTSErrorCodes.NotAllowedTenantRestrictionsV2Tenant:e.CT_STR_NotAllowedTenant_Err_Title="Access is blocked",e.CT_STR_NotAllowedTenant_Err_Desc=r.format("The {0} IT department has restricted which organizations can be accessed. Contact the {0} IT department to gain access.​",o.strNotAllowedTenantDisplayName,o.strNotAllowedTenantDomainName),e.STR_NotAllowedTenant_ReadMoreAboutTenantRes="Read more about tenant restrictions";break;case i.ESTSErrorCodes.NotAllowedByOutboundPolicyTenant:e.CT_STR_NotAllowedTenant_Err_Title="Access is blocked by your organization",e.CT_STR_NotAllowedTenant_Err_Desc=r.format("Your tenant administrator has restricted which organizations can be accessed. Contact your IT department to request access to the {0} organization.",o.strNotAllowedTenantDomainName);break;case i.ESTSErrorCodes.NotAllowedByInboundPolicyTenant:e.CT_STR_NotAllowedTenant_Err_Title="Access is blocked by the organization​",e.CT_STR_NotAllowedTenant_Err_Desc=r.format("The {0} administrator has restricted which organizations can access their tenant. Contact the {0} IT department to request access.​",o.strNotAllowedTenantDomainName)}return e}),t.registerSource("html",function(e){e.STR_Consent_Warning_RiskyApp='<span id="riskyAppText">This app may be risky. Only continue if you trust this app. </span> <a id="riskyAppLearnMore" href="#">Learn more</a>',e.STR_Consent_Error_ApprovalRequired_Description_RiskyApp='<span id="riskyAppText">This app may be risky.</span> If you trust this app, please ask your admin to grant you access. <a id="riskyAppLearnMore" href="#">Learn more</a>',e.STR_Consent_ReportSuspiciousApp_Link='Does this app look suspicious? <a id="reportSuspiciousApp" href="#">Report it here</a>'})},function(e,o){function n(){var e=this,o={};e.registerSource=function(e,n){o[e]=o[e]||[],o[e].push(n)},e.getStrings=function(e,n){for(var t={},i=o[e]||[],r=0,a=i.length;r<a;r++)i[r](t,n);return t}}var t=window;t.StringRepository=e.exports=t.StringRepository||new n},function(e,o,n){var t=n(1),i=n(3),r=i.EnvironmentName;t.registerSource("str",function(e){e.CT_HRD_STR_Splitter_Back="Back",e.MOBILE_STR_Header_Brand="Microsoft account",e.STR_Templates_Header_Logo_AltText="Company logo",e.CT_STR_ViewAgreementError="We didn't receive a response. Please try again.",e.CT_STR_ViewAgreement_ExternalLink="For details, please visit this site: {0}",e.MOBILE_STR_Footer_Microsoft="Microsoft",e.MOBILE_STR_Footer_Privacy="Privacy & cookies",e.MOBILE_STR_Footer_Terms="Terms of use",e.WF_STR_Footer_LinkDisclaimer_Text="Disclaimer",e.CT_STR_More_Options_Ellipsis_AriaLabel="Click here for troubleshooting information",e.CT_STR_Error_Details_Close_AltText="Close troubleshooting details",e.STR_Error_Details_Debug_Mode_Enable="Enable flagging",e.STR_Error_Details_Debug_Mode_Enable_AriaLabel="Enable flagging",e.STR_Error_Details_Debug_Mode_Disable="Disable flagging",e.STR_Error_Details_Debug_Mode_Disable_AriaLabel="Disable flagging",e.STR_Error_Details_Debug_Mode="Flag sign-in errors for review:",e.STR_Error_Details_Debug_Mode_Desc="If you plan on getting help for this problem, enable flagging and try to reproduce the error within 20 minutes. Flagged events make diagnostics available and are raised to admin attention.",e.STR_Error_Details_Debug_Mode_Failure="Something went wrong.",e.WF_STR_ProgressText="Please wait",e.STR_Error_Details_Title="Troubleshooting details",e.STR_Error_Details_Instruction="If you contact your administrator, send this info to them.",e.STR_Error_Details_CopyLink="Copy info to clipboard",e.STR_Error_Details_Notification="Copied",e.STR_Error_Details_Notification_ScreenReader="Copied troubleshooting info to clipboard",e.CT_STR_Page_Title="Let's set things up for your work or school",e.CT_STR_Page_SubTitle="You'll use this info to sign in to your devices."}),t.registerSource("html",function(e,o){switch(o.iBannerEnvironment){case r.Internal:e.CT_STR_EnvironmentBanner_Text="INTERNAL PREVIEW ONLY";break;case r.TestSlice:e.CT_STR_EnvironmentBanner_Text='Dogfood - <a href="#" id="envBannerLink">details here</a>';break;case r.FirstSlice:e.CT_STR_EnvironmentBanner_Text='Insider Ring - <a href="#" id="envBannerLink">details here</a>'}e.CT_STR_Inline_Legal_Message='Choosing <span id="ftrNext">Next</span> means that you agree to the <a id="ftrTerms" href="#">Microsoft Services Agreement</a> and <a id="ftrPrivacy" href="#">privacy and cookies statement</a>.'})},function(e,o){o.UsernameMaxLength=113,o.SATOTPV1Length=6,o.SATOTPLength=8,o.PhoneNumberConfirmationLength=4,o.OneTimeCodeDefaultLength=16,o.OneTimeCodeMaxLength=7,o.PCExperienceQS="pcexp",o.PCExperienceDisabled=o.PCExperienceQS+"=false",o.NotPreferredCredentialQs="npc",o.AnimationTimeout=700,o.Regex={PhoneNumberValidation:/^[0-9 ()[\].\-#*\/+]+$/},o.ProofUpRedirectLandingView={AccountCompromised:1,RiskySession:2},o.LoginMode={None:0,Login:1,ForceCredType:3,LWAConsent:4,GenericError:5,ForceSignin:6,OTS:7,HIP_Login:8,HIP_Lockout:9,InviteBlocked:10,SwitchUser:11,LWADelegation:12,ServiceBlocked:13,IDPFailed:14,StrongAuthOTC:16,StrongAuthMobileOTC:25,Finish:27,LoginWizard_Login:28,StrongAuthWABOTC:30,LoginWizard_HIP_Login:32,LoginWizard_Finish:34,LoginMobile:36,ForceSigninMobile:37,GenericErrorMobile:38,LoginHost:39,ForceSigninHost:40,GenericErrorHost:42,StrongAuthHostOTC:43,HIP_LoginHost:45,HIP_LoginMobile:46,HIP_LockoutHost:47,HIP_LockoutMobile:48,SwitchUserHost:49,LoginXbox_Login:50,HIP_LoginXbox:51,FinishXbox:52,IfExistsXbox:53,StartIfExistsXbox:54,StrongAuthXboxOTC:55,LoginWPWiz_Login:56,LoginWPWiz_HIP_Login:57,LoginWPWiz_Finish:58,StrongAuthWizOTC:59,StrongAuthWPWizOTC:60,FinishWPWiz:61,SwitchUserMobile:62,LoginWPWiz_PhoneSignIn:63,LoginWPWiz_HIP_PhoneSignIn:64,Login_PhoneSignIn:65,Login_HIP_PhoneSignIn:66,LoginHost_PhoneSignIn:67,LoginHost_HIP_PhoneSignIn:68,LoginMobile_PhoneSignIn:69,LoginMobile_HIP_PhoneSignIn:70,LoginWizard_PhoneSignIn:71,LoginWizard_HIP_PhoneSignIn:72,LoginXbox_PhoneSignIn:73,LoginXbox_HIP_PhoneSignIn:74,LoginWin10:75,HIP_LoginWin10:76,FinishWin10:77,FinishBlockedWin10:78,LoginWin10_PhoneSignIn:79,HIP_LoginWin10_PhoneSignIn:80,FinishWin10_TokenBroker:81,SwitchUserWin10:82,ForceSignInXbox:88,LoginClientSDK_Login:92,LoginClientSDK_HIP_Login:93,LoginClientSDK_Finish:94,StrongAuthClientSDKOTC:95,FinishClientSDK:96,LoginClientSDK_PhoneSignIn:97,LoginClientSDK_HIP_PhoneSignIn:98,Win10InclusiveOOBE_Finish:99,Win10InclusiveOOBE_FinishBlocked:100,Tiles:102,RemoteConnect:103,FedConflict:105,Win10Host_Login:106,Win10Host_Login_PhoneSignin:107,Win10Host_Finish:108,Win10Host_StrongAuth:109,Win10Host_HIP_Login:110,Fido:111,Win10Host_HIP_Login_PhoneSignIn:112,FedLink:113,UserCredentialPolicyBlocked:114,BindFailed:115,Win10HostOOBE_HIP_Login:116,Win10HostOOBE_HIP_Login_PhoneSignIn:117,AadFedConflict:118,ProofFedConflict:119,FedBoundLink:120,FetchSessionsProgress:121,Win10Host_TransferLogin:122,TransferLogin:123,Signup:124},o.LoginBody={Login_OTC:5},o.SessionPullFlags={Msa:1,Dsso:2},o.PaginatedState={Previous:-1,Unknown:0,Username:1,Password:2,OneTimeCode:3,RemoteNGC:4,PhoneDisambiguation:5,LwaConsent:6,IdpDisambiguation:7,IdpRedirect:8,ViewAgreement:10,LearnMore:11,Tiles:12,ConfirmSend:13,RemoteConnectCode:14,RemoteLoginPolling:15,BindRedirect:16,TermsOfUse:17,DesktopSsoProgress:18,ResetPasswordSplitter:19,Kmsi:20,CheckPasswordType:21,ChangePassword:22,Fido:23,CredentialPicker:24,Consent:25,Error:26,ConfirmSignup:27,ConfirmRecoverUsername:28,ConfirmConsentSelection:29,FedConflict:30,ProofUpRedirect:32,ProofUpRedirectLanding:33,ConditionalAccessInstallBroker:34,ConditionalAccessWorkplaceJoin:35,ConditionalAccessError:36,CreateFido:37,FedLink:38,FedLinkComplete:40,IdpRedirectSpeedbump:41,TransferLogin:42,Cmsi:43,ProofConfirmation:44,MessagePrompt:45,FinishError:46,Hip:48,LearnMoreOfflineAccount:49,TenantDisambiguation:50,AadFedConflict:51,RemoteConnectCanaryValidation:52,PartnerCanaryValidation:53,ProofFedConflict:54,FetchSessionsProgress:55,AccessPass:56,SignupUsername:57,ReportSuspiciousApp:58,MoreInfo:59,AuthenticatorAddAccountView:60,SignupCredentialPicker:61,LoginError:62,SearchOrganization:63,Ptca:64,GuestConsent:65,RemoteConnectLocation:66,AttributeCollection:67,RdpDevicePrompt:68,GuestConsentConnect:69},o.PostType={Password:11,Federation:13,SHA1:15,StrongAuth:18,StrongAuthTOTP:19,LWAConsent:30,PasswordInline:20,RemoteNGC:21,SessionApproval:22,NGC:23,OtcNoPassword:24,RemoteConnect_NativePlatform:25,OTC:27,Kmsi:28},o.UserProperty={USERNAME:"login",ERROR_CODE:"HR",ERR_MSG:"ErrorMessage",EXT_ERROR:"ExtErr",ERR_URL:"ErrUrl",DATOKEN:"DAToken",DA_SESKEY:"DASessionKey",DA_START:"DAStartTime",DA_EXPIRE:"DAExpires",STS_ILFT:"STSInlineFlowToken",SIGNINNAME:"SigninName",FIRST_NAME:"LastName",LAST_NAME:"FirstName",TILE_URL:"TileUrl",CID:"CID",PUID:"PUID"},o.Error={S_OK:"0",InvalidRealmDiscLogin:10,UsernameInvalid:1e3,PasswordEmpty:1001,HIPEmpty:1002,AltEmailInvalid:1005,PhoneInvalid:1006,SAContainsName:1007,OTCEmpty:1009,OTCInvalid:1010,NotEnoughProofs:1013,PhoneEmpty:1015,FedUser:1016,FedUserConflict:1017,FedUserInviteBlocked:1018,EmptyFields:1020,PhoneHasSpecialChars:1021,AutoVerifyNoCodeSent:1022,ProofConfirmationEmpty:1023,ProofConfirmationInvalid:1024,TOTPInvalid:1025,SessionNotApproved:1026,PhoneNumberInvalid:1027,PhoneFormattingInvalid:1028,PollingTimedOut:1029,SendNotificationFailed:1030,Server_MessageOnly:9999,PP_E_DB_MEMBERDOESNOTEXIST:"CFFFFC15",PP_E_EXCLUDED:"80041010",PP_E_MEMBER_LOCKED:"80041011",PP_E_BAD_PASSWORD:"80041012",PP_E_MISSING_MEMBERNAME:"80041031",PP_E_MISSING_PASSWORD:"80041032",PP_E_FEDERATION_INLINELOGIN_DISALLOWED:"800478AC",PP_E_PE_RULEFALSE:"8004490C",PP_E_MOBILECREDS_PHONENUMBER_BLANK:"80045801",PP_E_MOBILECREDS_PHONENUMBER_TOOSHORT:"80045806",PP_E_MOBILECREDS_PHONENUMBER_TOOLONG:"80045807",PP_E_MOBILECREDS_PHONENUMBER_INVALID:"80045800",PP_E_NAME_BLANK:"80041100",PP_E_EMAIL_INCOMPLETE:"8004110D",PP_E_EMAIL_INVALID:"8004110B",PP_E_NAME_TOO_SHORT:"80041101",PP_E_NAME_INVALID:"80041103",PP_E_INVALIDARG:"80048388",PP_E_SA_TOOSHORT:"80041120",PP_E_SA_TOOLONG:"80041121",PP_E_INVALID_PHONENUMBER:"8004113F",PP_E_SECRETQ_CONTAINS_SECRETA:"80041165",PP_E_SECRETA_CONTAINS_SECRETQ:"8004117D",PP_E_SA_CONTAINS_MEMBERNAME:"8004116A",PP_E_STRONGPROCESS_ALTEMAILSAMEASMAILBOX:"80049C2D",PP_E_EMAIL_RIGHT_TOO_LONG:"8004110C",PP_E_NAME_TOO_LONG:"80041102",PP_E_ALIAS_AUTH_NOTPERMITTED:"8004788B",PP_E_TOTP_INVALID:"80049C34",PP_E_OLD_SKYPE_PASSWORD:"80043557",PP_E_OTT_DATA_INVALID:"8004348F",PP_E_OTT_ALREADY_CONSUMED:"80043490",PP_E_OTT_INVALID_PURPOSE:"80043496",PP_E_PPSA_RPT_NOTOADDRESS:"80048120",PP_E_STRONGPROCESS_BADDEVICENAME:"80049C22",PP_E_INLINELOGIN_INVALID_SMS:"800434E1",PP_E_INLINELOGIN_INVALID_ALT:"800434E2",PP_E_PREVIOUS_PASSWORD:"80041013",PP_E_HIP_VALIDATION_WRONG:"80045505",PP_E_HIP_VALIDATION_ERROR_FATAL:"80045537",PP_E_HIP_VALIDATION_ERROR_UNAUTHENTICATED:"80045538",PP_E_HIP_VALIDATION_ERROR_OTHER:"80045539",PP_E_SQ_CONTAINS_PASSWORD:"8004341E",PP_E_SA_CONTAINS_PASSWORD:"8004341C",PP_E_SA_CONTAINED_IN_PASSWORD:"8004341D",PP_E_LIBPHONENUMBERINTEROP_NUMBERPARSE_EXCEPTION:"80043510",PP_E_STRONGPROCESS_EMAIL_HAS_MOBILE_DOMAIN:"80049C33",PP_E_STRONGPROCESS_MXALIAS_NOTALLOWED:"80049C23",PP_E_INVALID_MEMBERNAME:"80041034",PP_E_SA_TOO_MANY_CACHE_SESSIONS:"8004A00C",PP_E_INTERFACE_DISABLED:"80043448",PP_E_ASSOCIATE_DUPLICATE_ACCOUNT:"80043534",PP_E_OAUTH_REMOTE_CONNECT_USER_CODE_MISSING_OR_INVALID:"800478C7",PP_E_LOGIN_NOPA_USER_PASSWORD_REQUIRED:"800478CE",PP_E_IDP_LINKEDIN_BINDING_NOT_ALLOWED:"800478D5",PP_E_IDP_GOOGLE_BINDING_NOT_ALLOWED:"800478D6",PP_E_IDP_GITHUB_BINDING_NOT_ALLOWED:"800478D7",PP_E_IDP_BINDING_EXISTS_SAMSUNG:"8004453E"},o.EstsError={UserAccountSelectionInvalid:"16001",UserUnauthorized:"50020",UserUnauthorizedApiVersionNotSupported:"500201",UserUnauthorizedMsaGuestUsersNotSupported:"500202",UserAccountNotFound:"50034",UserAccountDeleted:"500341",UserAccountNotFoundNotConfiguredForRemoteNgc:"500342",UserAccountNotFoundFailedToCreateRemoteSignIn:"500343",UserAccountNotFoundForFidoSignIn:"500344",IdsLocked:"50053",InvalidPasswordLastPasswordUsed:"50054",InvalidPasswordExpiredPassword:"50055",InvalidPasswordNullPassword:"50056",UserDisabled:"50057",GuestUserDisabled:"500571",FlowTokenExpired:"50089",InvalidUserNameOrPassword:"50126",InvalidDomainName:"50128",ProtectedKeyMisuse:"50141",MissingCustomSigningKey:"50146",IdpLoopDetected:"50174",InvalidOneTimePasscode:"50181",ExpiredOneTimePasscode:"50182",OneTimePasscodeCacheError:"50183",OneTimePasscodeEntryNotExist:"50184",InvalidPassword:"50193",InvalidGrantDeviceNotFound:"700003",SsoArtifactExpiredDueToConditionalAccess:"70044",SsoArtifactExpiredDueToConditionalAccessReAuth:"70046",InvalidTenantName:"90002",InvalidTenantNameEmptyGuidIdentifier:"900021",InvalidTenantNameEmptyIdentifier:"900022",InvalidTenantNameFormat:"900023",PhoneSignInBlockedByUserCredentialPolicy:"130500",AccessPassBlockedByPolicy:"130502",InvalidAccessPass:"130503",AccessPassExpired:"130504",AccessPassAlreadyUsed:"130505",PublicIdentifierSasBeginCallRetriableError:"131001",PublicIdentifierAuthUserNotAllowedByPolicy:"131010",PublicIdentifierSasBeginCallNonRetriableError:"131002",PublicIdentifierSasEndCallRetriableError:"131003",PublicIdentifierSasEndCallNonRetriableError:"131004",DeviceIsDisabled:"135011",FidoBlockedByPolicy:"135016",BlockedAdalVersion:"220300",BlockedClientId:"220400",UserVoiceAuthFailedCallWentToVoicemail:"UserVoiceAuthFailedCallWentToVoicemail",UserVoiceAuthFailedInvalidPhoneInput:"UserVoiceAuthFailedInvalidPhoneInput",UserVoiceAuthFailedPhoneHungUp:"UserVoiceAuthFailedPhoneHungUp",UserVoiceAuthFailedInvalidPhoneNumber:"UserVoiceAuthFailedInvalidPhoneNumber",UserVoiceAuthFailedInvalidExtension:"UserVoiceAuthFailedInvalidExtension",InvalidFormat:"InvalidFormat",UserAuthFailedDuplicateRequest:"UserAuthFailedDuplicateRequest",UserVoiceAuthFailedPhoneUnreachable:"UserVoiceAuthFailedPhoneUnreachable",UserVoiceAuthFailedProviderCouldntSendCall:"UserVoiceAuthFailedProviderCouldntSendCall",User2WaySMSAuthFailedProviderCouldntSendSMS:"User2WaySMSAuthFailedProviderCouldntSendSMS",SMSAuthFailedProviderCouldntSendSMS:"SMSAuthFailedProviderCouldntSendSMS",User2WaySMSAuthFailedNoResponseTimeout:"User2WaySMSAuthFailedNoResponseTimeout",SMSAuthFailedNoResponseTimeout:"SMSAuthFailedNoResponseTimeout",SMSAuthFailedWrongCodeEntered:"SMSAuthFailedWrongCodeEntered",OathCodeIncorrect:"OathCodeIncorrect",OathCodeDuplicate:"OathCodeDuplicate",OathCodeOld:"OathCodeOld",PhoneAppNoResponse:"PhoneAppNoResponse",User2WaySMSAuthFailedWrongCodeEntered:"User2WaySMSAuthFailedWrongCodeEntered",PhoneAppInvalidResult:"PhoneAppInvalidResult",PhoneAppDenied:"PhoneAppDenied",PhoneAppTokenChanged:"PhoneAppTokenChanged",SMSAuthFailedMaxAllowedCodeRetryReached:"SMSAuthFailedMaxAllowedCodeRetryReached",PhoneAppFraudReported:"PhoneAppFraudReported",FraudCodeEntered:"FraudCodeEntered",UserIsBlocked:"UserIsBlocked",PhoneAppEntropyIncorrect:"PhoneAppEntropyIncorrect",VoiceOTPAuthFailedWrongCodeEntered:"VoiceOTPAuthFailedWrongCodeEntered",VoiceOTPAuthFailedMaxAllowedCodeRetryReached:"VoiceOTPAuthFailedMaxAllowedCodeRetryReached",AccessPassBlockedByPolicyTfa:"AccessPassBlockedByPolicy",InvalidAccessPassTfa:"InvalidAccessPass",AccessPassExpiredTfa:"AccessPassExpired",AccessPassAlreadyUsedTfa:"AccessPassAlreadyUsed",AuthenticationFailedDeviceAuthRequiredForTokenIssuance:"5001212",BlockedByConditionalAccessForRemoteDeviceFlow:"530033",BrokerAppNotInstalled:"50127",BrokerAppNotInstalledDeviceAuthenticationFailed:"501271",ConditionalAccessFailed:"50131",ConditionalAccessFailedDeviceManagementRequired:"501313",ConditionalAccessFailedDeviceNotRegistered:"501312",DeviceAuthenticationFailed:"50155",DeviceAuthenticationRequired:"50097",DeviceIsNotWorkplaceJoined:"50129",DeviceIsNotWorkplaceJoinedForMamApp:"501291",DeviceInformationNotProvided:"50187",DeviceNotCompliant:"53000",DeviceNotCompliantDeviceCompliantRequired:"530002",DeviceNotCompliantDeviceManagementRequired:"53003",DeviceNotDomainJoined:"53001",DeviceNotDomainJoinedBrowserNotSupported:"530011",InvalidCredentialFactorDueToRequiredMfa:"54008",PasswordChangeEnforcingSecurityPolicyRule:"50137",PlatformNotSupportedForDeviceAuthentication:"9001012",ProofUpBlockedDueToRisk:"53004",ProtectionPolicyRequired:"53005",RemediateDeviceStateManagedBrowserRequired:"530081",RemediateDeviceStateWorkplaceJoinRequired:"530082",RequiredDeviceStateNotSupported:"9001011",UserStrongAuthClientAuthNRequired:"50076",UserStrongAuthEnrollmentRequired:"50079",UserStrongAuthExpired:"50078",UserStrongAuthEnrollmentRequiredInterrupt:"50072",UserStrongAuthClientAuthNRequiredInterrupt:"50074"},o.Fido={MaxUserPromptLength:99,FinishStates:{Success:0,Cancel:1,Error:2,NotSupported:3},UnexpectedErrorCode:9999,EdgeErrorCodes:{SyntaxError:3,NotFoundError:8,NotSupportedError:9,InvalidAccessError:15,AbortError:20}},o.IfExistsResult={Unknown:-1,Exists:0,NotExist:1,Throttled:2,Error:4,ExistsInOtherMicrosoftIDP:5,ExistsBothIDPs:6},o.ThrottleStatus={NotThrottled:0,AadThrottled:1,MsaThrottled:2},o.DomainType={Unknown:1,Consumer:2,Managed:3,Federated:4,CloudFederated:5},o.CredentialType={Password:1,RemoteNGC:2,OneTimeCode:3,Federation:4,CloudFederation:5,OtherMicrosoftIdpFederation:6,Fido:7,GitHub:8,PublicIdentifierCode:9,LinkedIn:10,RemoteLogin:11,Google:12,AccessPass:13,Facebook:14,Certificate:15,OfflineAccount:16,NoPreferredCredential:1e3},o.RemoteNgcType={PushNotification:1,ListSessions:3},o.SessionPollingType={Image:1,Json:2},o.AgreementType={Privacy:"privacy",Tou:"tou",Impressum:"impressum"},o.ApiErrorCodes={GeneralError:6e3,AuthFailure:6001,InvalidArgs:6002,Generic:8e3,Timeout:8001,Aborted:8002},o.DefaultRequestTimeout=3e4,PROOF={Type:{Email:1,AltEmail:2,SMS:3,DeviceId:4,CSS:5,SQSA:6,HIP:8,Birthday:9,TOTPAuthenticator:10,RecoveryCode:11,StrongTicket:13,TOTPAuthenticatorV2:14,TwoWayVoice:15,TwoWaySMS:16,FidoKey:17,AccessPass:18,Voice:-3}},o.ContentType={Json:"application/json; charset=utf-8",FormUrlEncoded:"application/x-www-form-urlencoded"},o.BindProvider={LinkedIn:0,GitHub:1,Google:2,Samsung:3,Facebook:4},o.PromotedAltCredFlags={None:0,GitHub:1,LinkedIn:2},o.EnvironmentName={Internal:1,TestSlice:2,FirstSlice:3},o.AnimationState={Begin:0,End:-1,RenderNewView:1,AnimateNewView:2},o.AnimationName={None:0,SlideOutNext:1,SlideInNext:2,SlideOutBack:3,SlideInBack:4},o.DialogId={None:0,FidoHelp:1,GitHubHelp:2,ConsentAppInfo:3},o.KeyCode={Tab:9,Enter:13,Escape:27,Space:32,PageUp:33,PageDown:34,End:35,Home:36,ArrowUp:38,ArrowDown:40,WinKeyLeft:91,F6:117,GamePadB:196},o.ProofOfPossession={AuthenticatorKey:"cpa",CanaryTokenKey:"canary",MethodHint:"cpa_method_hint"},o.UpgradeMigrationUXId={Invalid:0,Mojang:1},o.TransferLoginStringsVariant={Default:0,Mmx:1,MmxPhoneFirst:2,AppNameOnly:3,AppNameAndUsername:4},o.LayoutTemplateType={Lightbox:0,VerticalSplit:1},o.StringCustomizationPageId={ConditionalAccess:0,AttributeCollection:1},o.ProofUpRedirectViewType={DefaultProofUpRedirectView:0,AuthAppProofUpRedirectView:1}},,function(e,o){e.exports={format:function(e){if(e)for(var o=1;o<arguments.length;o++)e=e.replace(new RegExp("\\{"+(o-1)+"\\}","g"),arguments[o]);return e}}},function(e,o){o.PaginatedState={None:0,IsvError:1,AdminConsentError:2,ConsentRequestAccess:3,ConsentRequestSent:4,AdminConsentCustomerSolutionProviderError:5,NotAllowedTenant:6},o.ESTSErrorCodes={NotAllowedTenantRestrictedTenant:500021,NotAllowedTenantRestrictionsV2Tenant:5000211,NotAllowedByOutboundPolicyTenant:500212,NotAllowedByInboundPolicyTenant:500213,NotAllowedTenantBlockedTenant:500022,NotAllowedTenantBlockedBlackforestTenant:5000221,XtapAcceptMfaSettingNotConfigured:90071},o.MSAErrorCodes={NotAllowedTenantRestrictedTenant:"80045C4D"},o.ErrorTitle={None:-1,SignIn:0,PleaseWait:1,ServerError:2,WeCannotSignYouIn:3},o.ErrorDesc={None:-1,TroubleSigningIn:0,TroubleSigningOut:1,UpdateExpiredPwd_Err_OnPremSuccessCloudFail:2,UpdateExpiredPwd_Err_ChangePasswordOnPrem:3,UpdateExpiredPwd_Err_ADAdminActionRequired:4,Err_UnableToDownloadResources:5,Err_Corrupted_JSRuntime:6,XtapAcceptMfaSettingNotConfigured:7}}]),window.__=!0;

//]]></script>


</head>

<body data-bind="defineGlobals: ServerData, bodyCssClass" class="cb" style="display: none">
    <script type="text/javascript">//<![CDATA[
!function(){var e=window,o=e.document,i=e.$Config||{};if(e.self===e.top){o&&o.body&&(o.body.style.display="block")}else if(!i.allowFrame){var s=e.self.location.href,l=s.indexOf("#"),n=-1!==l,t=s.indexOf("?"),f=n?l:s.length,d=-1===t||n&&t>l?"?":"&";s=s.substr(0,f)+d+"iframe-request-id="+i.sessionId+s.substr(f),e.top.location=s}}();

//]]></script>
    <script type="text/javascript">
//<![CDATA[
(function () {
var $Prefetch={"rfPre":true,"delay":5000,"maxHistory":4,"maxAge":43200,"ageRes":1440,"name":"clrc","fetch":[{"path":"https://aadcdn.msauth.net/ests/2.1/content/cdnbundles/converged.v2.login.min_zmhwgv_kbcs-aml46kcgfg2.css","hash":"EaDIOExo","co":true},{"path":"https://aadcdn.msauth.net/ests/2.1/content/cdnbundles/ux.converged.error.strings-en.min_ue_efsjzx83laodzgxid2a2.js","hash":"O2295gj2","co":true}],"mode":5};
!function(e,t,n){function r(e){x.appendLog&&x.appendLog("Client Prefetch: "+e)}function i(){try{for(var e=t.cookie.split(";"),r=0;r<e.length;r++){var i=e[r];if(i){var o=i.indexOf("=");if(-1!==o){if(i.substr(0,o).trim()===n.name){var u=i.substr(o+1);return JSON.parse(c(u))}}}}}catch(e){}return{}}function o(e,t,n){return e.replace(t,n)}function c(e){return e=o(e,/%5c/g,"\\"),e=o(e,/%3e/g,">"),e=o(e,/%3d/g,"="),e=o(e,/%3c/g,"<"),e=o(e,/%3b/g,";"),e=o(e,/%3a/g,":"),e=o(e,/%2c/g,","),e=o(e,/%27/g,"'"),
e=o(e,/%22/g,'"'),e=o(e,/%20/g," "),e=o(e,/%25/g,"%")}function u(e){return e=o(e,/%/g,"%25"),e=o(e,/ /g,"%20"),e=o(e,/"/g,"%22"),e=o(e,/'/g,"%27"),e=o(e,/,/g,"%2c"),e=o(e,/:/g,"%3a"),e=o(e,/;/g,"%3b"),e=o(e,/</g,"%3c"),e=o(e,/=/g,"%3d"),e=o(e,/>/g,"%3e"),e=o(e,/\\/g,"%5c")}function f(e){var r=new Date;r.setTime(r.getTime()+C*H),t.cookie=n.name+"="+u(JSON.stringify(e))+";expires="+r.toUTCString()+";path=/; Secure; SameSite=None"}function a(e,t){if(e){if(e.indexOf){return e.indexOf(t)}
for(var n=0;n<e.length;n++){if(e[n]===t){return n}}}return-1}function h(e,t){return-1!==a(e,t)}function g(e,t){var n=a(e,t);return-1!==n&&(e.splice(n,1),!0)}function l(e,t){for(var n in e){if(e.hasOwnProperty(n)&&!t(n,e[n])){break}}}function s(){var e=(new Date).getTime(),t=D*H;return P.getTime()>e?Math.round(e/t):Math.round((e-P.getTime())/t)}function d(e,t){var n=!1;if(t&&t.length>0){n=!0;for(var r=0;r<t.length;r++){delete e[t[r]]}}return n}function p(e){var t=s()-C,n=t+2*C,r=null,i=0,o=[]
;return l(e,function(c){return c<t||c>n?o.push(c):(0===e[c].length?o.push(c):(null===r||c<r)&&(r=c),i++),!0}),null!==r&&i>k&&o.push(r),d(e,o)}function v(e,t,n){r("Fetched: "+e+" Hash: "+t+" isRefresh: "+n);var o=i(),c=s(),u=!1,a=!1;if(l(o,function(e,n){return!h(n,t)||(e!==c?g(o[e],t)&&(a=!0):u=!0,!1)}),!u){var d=o[c]||[];d.push(t),o[c]=d,a=!0}a|=p(o),a&&f(o),b()}function m(t,n,i,o){var c={"method":"GET"};i&&(c.mode="cors"),e.fetch(t,c).then(function(e){
200===e.status?v(t,n,o):(r("Unexpected response - "+e.status),b())}).then(null,function(e){r("Failed - "+e),b()})}function T(){if(e.XMLHttpRequest&&!J){return new XMLHttpRequest}if(e.ActiveXObject){try{return new ActiveXObject("Msxml2.XMLHTTP")}catch(e){}try{return new ActiveXObject("Microsoft.XMLHttp")}catch(e){}}return null}function w(e,t,n,i,o){r("Fetching - "+t),e.onload=function(){v(t,n,o)},e.onerror=function(){r("XHR failed!"),b()},e.ontimeout=function(){r("XHR timed out!"),b()};try{e.open("GET",t),
e.withCredentials=i&&!N,e.send()}catch(r){N?setTimeout(function(){v(t,n,o)},0):(N=!0,w(e,t,n,!1,o))}}function O(t,n,i,o){if(e.fetch){return void m(t,n,i,o)}var c=T();if(null!==c){return void w(c,t,n,i,o)}r("Unable to identify a transport option!")}function b(){var e=n.fetch;if(X<e.length&&e[X]){var t=e[X];O(t.path,t.hash,t.co||!1,t.rf||!1),X++}}function y(e){if(e){try{var n=t.createElement("link");n.rel="prefetch",n.href=e,t.head.appendChild(n)}catch(e){}}}function M(){r("Starting"),b(),b()}function S(){
for(var t=e.$Config||e.ServerData||{},r=n.fetch,i=n.mode||-1,o=-1,c=0;c<r.length;c++){0!==o&&i>=3&&(o=r[c].rf?1:0),R&&!J&&y(r[c].path||{})}t.prefetchPltMode=o}if(n&&n.fetch&&0!==n.fetch.length){var x=e.$Debug||{},X=0,H=6e4,P=new Date(2019),k=n.maxHistory||4,C=n.maxAge||20160,D=n.ageRes||1440,L=n.delay||5e3,R=n.rfPre||!1,J=void 0!==(e._phantom||e.callPhantom),N=!1;JSON&&JSON.parse&&(n.clearCookie=function(){document.cookie=n.name+"=; expires=Thu, 01 Jan 1970 00:00:01 GMT;"},e.$Do.when("doc.load",function(){
setTimeout(M,L),setTimeout(S,0)}))}}(window,document,$Prefetch);

;
})();
//]]>
</script>

</body>
</html>